Component: ARM Compiler 5.06 update 7 (build 960) Tool: armlink [4d3601]

==============================================================================

Section Cross References

    startup_stm32f103xb.o(RESET) refers to startup_stm32f103xb.o(STACK) for __initial_sp
    startup_stm32f103xb.o(RESET) refers to startup_stm32f103xb.o(.text) for Reset_Handler
    startup_stm32f103xb.o(RESET) refers to stm32f1xx_it.o(i.NMI_Handler) for NMI_Handler
    startup_stm32f103xb.o(RESET) refers to stm32f1xx_it.o(i.HardFault_Handler) for HardFault_Handler
    startup_stm32f103xb.o(RESET) refers to stm32f1xx_it.o(i.MemManage_Handler) for MemManage_Handler
    startup_stm32f103xb.o(RESET) refers to stm32f1xx_it.o(i.BusFault_Handler) for BusFault_Handler
    startup_stm32f103xb.o(RESET) refers to stm32f1xx_it.o(i.UsageFault_Handler) for UsageFault_Handler
    startup_stm32f103xb.o(RESET) refers to stm32f1xx_it.o(i.SVC_Handler) for SVC_Handler
    startup_stm32f103xb.o(RESET) refers to stm32f1xx_it.o(i.DebugMon_Handler) for DebugMon_Handler
    startup_stm32f103xb.o(RESET) refers to stm32f1xx_it.o(i.PendSV_Handler) for PendSV_Handler
    startup_stm32f103xb.o(RESET) refers to stm32f1xx_it.o(i.SysTick_Handler) for SysTick_Handler
    startup_stm32f103xb.o(RESET) refers to stm32f1xx_it.o(i.EXTI9_5_IRQHandler) for EXTI9_5_IRQHandler
    startup_stm32f103xb.o(RESET) refers to stm32f1xx_it.o(i.TIM1_UP_IRQHandler) for TIM1_UP_IRQHandler
    startup_stm32f103xb.o(RESET) refers to stm32f1xx_it.o(i.EXTI15_10_IRQHandler) for EXTI15_10_IRQHandler
    startup_stm32f103xb.o(.text) refers to system_stm32f1xx.o(i.SystemInit) for SystemInit
    startup_stm32f103xb.o(.text) refers to entry.o(.ARM.Collect$$$$00000000) for __main
    main.o(i.SystemClock_Config) refers to memseta.o(.text) for __aeabi_memclr4
    main.o(i.SystemClock_Config) refers to stm32f1xx_hal_rcc.o(i.HAL_RCC_OscConfig) for HAL_RCC_OscConfig
    main.o(i.SystemClock_Config) refers to stm32f1xx_hal_rcc.o(i.HAL_RCC_ClockConfig) for HAL_RCC_ClockConfig
    main.o(i.SystemClock_Config) refers to stm32f1xx_hal_rcc_ex.o(i.HAL_RCCEx_PeriphCLKConfig) for HAL_RCCEx_PeriphCLKConfig
    main.o(i.main) refers to stm32f1xx_hal.o(i.HAL_Init) for HAL_Init
    main.o(i.main) refers to main.o(i.SystemClock_Config) for SystemClock_Config
    main.o(i.main) refers to main.o(i.JTAG_Set) for JTAG_Set
    main.o(i.main) refers to stm32f1xx_hal.o(i.HAL_Delay) for HAL_Delay
    main.o(i.main) refers to gpio.o(i.MX_GPIO_Init) for MX_GPIO_Init
    main.o(i.main) refers to tim.o(i.MX_TIM3_Init) for MX_TIM3_Init
    main.o(i.main) refers to tim.o(i.MX_TIM4_Init) for MX_TIM4_Init
    main.o(i.main) refers to usart.o(i.MX_USART1_UART_Init) for MX_USART1_UART_Init
    main.o(i.main) refers to adc.o(i.MX_ADC1_Init) for MX_ADC1_Init
    main.o(i.main) refers to tim.o(i.MX_TIM1_Init) for MX_TIM1_Init
    main.o(i.main) refers to oled.o(i.OLED_Init) for OLED_Init
    main.o(i.main) refers to show.o(i.DataScope) for DataScope
    main.o(i.main) refers to check.o(i.Tips) for Tips
    main.o(i.main) refers to f2d.o(.text) for __aeabi_f2d
    main.o(i.main) refers to printfa.o(i.__0sprintf) for __2sprintf
    main.o(i.main) refers to strlen.o(.text) for strlen
    main.o(i.main) refers to stm32f1xx_hal_uart.o(i.HAL_UART_Transmit) for HAL_UART_Transmit
    main.o(i.main) refers to main.o(.data) for .data
    main.o(i.main) refers to main.o(.bss) for .bss
    main.o(i.main) refers to usart.o(.bss) for huart1
    gpio.o(i.HAL_GPIO_EXTI_Callback) refers to stm32f1xx_hal.o(i.HAL_Delay) for HAL_Delay
    gpio.o(i.HAL_GPIO_EXTI_Callback) refers to fadd.o(.text) for __aeabi_fadd
    gpio.o(i.HAL_GPIO_EXTI_Callback) refers to main.o(.data) for Balance_KP
    gpio.o(i.HAL_GPIO_EXTI_Callback) refers to main.o(.data) for Balance_KD
    gpio.o(i.HAL_GPIO_EXTI_Callback) refers to main.o(.data) for Position_KP
    gpio.o(i.HAL_GPIO_EXTI_Callback) refers to main.o(.data) for Position_KD
    gpio.o(i.HAL_GPIO_EXTI_Callback) refers to main.o(.data) for Menu
    gpio.o(i.HAL_GPIO_EXTI_Callback) refers to main.o(.data) for Amplitude1
    gpio.o(i.HAL_GPIO_EXTI_Callback) refers to main.o(.data) for Amplitude2
    gpio.o(i.HAL_GPIO_EXTI_Callback) refers to main.o(.data) for Amplitude3
    gpio.o(i.HAL_GPIO_EXTI_Callback) refers to main.o(.data) for Amplitude4
    gpio.o(i.HAL_GPIO_EXTI_Callback) refers to main.o(.data) for Flag_Stop
    gpio.o(i.MX_GPIO_Init) refers to stm32f1xx_hal_gpio.o(i.HAL_GPIO_WritePin) for HAL_GPIO_WritePin
    gpio.o(i.MX_GPIO_Init) refers to stm32f1xx_hal_gpio.o(i.HAL_GPIO_Init) for HAL_GPIO_Init
    gpio.o(i.MX_GPIO_Init) refers to stm32f1xx_hal_cortex.o(i.HAL_NVIC_SetPriority) for HAL_NVIC_SetPriority
    gpio.o(i.MX_GPIO_Init) refers to stm32f1xx_hal_cortex.o(i.HAL_NVIC_EnableIRQ) for HAL_NVIC_EnableIRQ
    adc.o(i.Get_Adc) refers to stm32f1xx_hal_adc.o(i.HAL_ADC_ConfigChannel) for HAL_ADC_ConfigChannel
    adc.o(i.Get_Adc) refers to stm32f1xx_hal_adc.o(i.HAL_ADC_Start) for HAL_ADC_Start
[...]
    ..\Drivers\STM32F1xx_HAL_Driver\Src\stm32f1xx_hal_rcc.c 0x00000000   Number         0  stm32f1xx_hal_rcc.o ABSOLUTE
    ..\Drivers\STM32F1xx_HAL_Driver\Src\stm32f1xx_hal_rcc_ex.c 0x00000000   Number         0  stm32f1xx_hal_rcc_ex.o ABSOLUTE
    ..\Drivers\STM32F1xx_HAL_Driver\Src\stm32f1xx_hal_tim.c 0x00000000   Number         0  stm32f1xx_hal_tim.o ABSOLUTE
    ..\Drivers\STM32F1xx_HAL_Driver\Src\stm32f1xx_hal_tim_ex.c 0x00000000   Number         0  stm32f1xx_hal_tim_ex.o ABSOLUTE
    ..\Drivers\STM32F1xx_HAL_Driver\Src\stm32f1xx_hal_uart.c 0x00000000   Number         0  stm32f1xx_hal_uart.o ABSOLUTE
    ..\HARDWARE\KEY\key.c                    0x00000000   Number         0  key.o ABSOLUTE
    ..\HARDWARE\LED\LED.C                    0x00000000   Number         0  led.o ABSOLUTE
    ..\HARDWARE\OLED\oled.c                  0x00000000   Number         0  oled.o ABSOLUTE
    ..\\BALANCE\\CHECK\\check.c              0x00000000   Number         0  check.o ABSOLUTE
    ..\\BALANCE\\CONTROL\\control.c          0x00000000   Number         0  control.o ABSOLUTE
    ..\\BALANCE\\show\\show.c                0x00000000   Number         0  show.o ABSOLUTE
    ..\\HARDWARE\\KEY\\key.c                 0x00000000   Number         0  key.o ABSOLUTE
    ..\\HARDWARE\\LED\\LED.C                 0x00000000   Number         0  led.o ABSOLUTE
    ..\\HARDWARE\\OLED\\oled.c               0x00000000   Number         0  oled.o ABSOLUTE
    cdrcmple.s                               0x00000000   Number         0  cdrcmple.o ABSOLUTE
    dc.s                                     0x00000000   Number         0  dc.o ABSOLUTE
    handlers.s                               0x00000000   Number         0  handlers.o ABSOLUTE
    init.s                                   0x00000000   Number         0  init.o ABSOLUTE
    startup_stm32f103xb.s                    0x00000000   Number         0  startup_stm32f103xb.o ABSOLUTE
    RESET                                    0x08000000   Section      236  startup_stm32f103xb.o(RESET)
    .ARM.Collect$$$$00000000                 0x080000ec   Section        0  entry.o(.ARM.Collect$$$$00000000)
    .ARM.Collect$$$$00000001                 0x080000ec   Section        4  entry2.o(.ARM.Collect$$$$00000001)
    .ARM.Collect$$$$00000004                 0x080000f0   Section        4  entry5.o(.ARM.Collect$$$$00000004)
    .ARM.Collect$$$$00000008                 0x080000f4   Section        0  entry7b.o(.ARM.Collect$$$$00000008)
    .ARM.Collect$$$$0000000A                 0x080000f4   Section        0  entry8b.o(.ARM.Collect$$$$0000000A)
    .ARM.Collect$$$$0000000B                 0x080000f4   Section        8  entry9a.o(.ARM.Collect$$$$0000000B)
    .ARM.Collect$$$$0000000E                 0x080000fc   Section        4  entry12b.o(.ARM.Collect$$$$0000000E)
    .ARM.Collect$$$$0000000F                 0x08000100   Section        0  entry10a.o(.ARM.Collect$$$$0000000F)
    .ARM.Collect$$$$00000011                 0x08000100   Section        0  entry11a.o(.ARM.Collect$$$$00000011)
    .ARM.Collect$$$$00002712                 0x08000100   Section        4  entry2.o(.ARM.Collect$$$$00002712)
    __lit__00000000                          0x08000100   Data           4  entry2.o(.ARM.Collect$$$$00002712)
    .text                                    0x08000104   Section       36  startup_stm32f103xb.o(.text)
    .text                                    0x08000128   Section        0  llushr.o(.text)
    .text                                    0x08000148   Section        0  memseta.o(.text)
    .text                                    0x0800016c   Section        0  strlen.o(.text)
    .text                                    0x0800017a   Section        0  fadd.o(.text)
    .text                                    0x0800022a   Section        0  fmul.o(.text)
    .text                                    0x0800028e   Section        0  dadd.o(.text)
    .text                                    0x080003dc   Section        0  dmul.o(.text)
    .text                                    0x080004c0   Section        0  dscalb.o(.text)
    .text                                    0x080004ee   Section        0  fflti.o(.text)
    .text                                    0x08000500   Section        0  ffltui.o(.text)
    .text                                    0x0800050a   Section        0  dfltui.o(.text)
    .text                                    0x08000524   Section        0  ffixi.o(.text)
    .text                                    0x08000556   Section        0  ffixui.o(.text)
    .text                                    0x0800057e   Section        0  dfixi.o(.text)
    .text                                    0x080005bc   Section        0  f2d.o(.text)
    .text                                    0x080005e2   Section        0  d2f.o(.text)
    .text                                    0x0800061a   Section        0  uidiv.o(.text)
    .text                                    0x08000646   Section        0  uldiv.o(.text)
    .text                                    0x080006a8   Section        0  llshl.o(.text)
    .text                                    0x080006c6   Section        0  llsshr.o(.text)
    .text                                    0x080006ea   Section        0  fepilogue.o(.text)
    .text                                    0x080006ea   Section        0  iusefp.o(.text)
    .text                                    0x08000758   Section        0  depilogue.o(.text)
    .text                                    0x08000812   Section        0  ddiv.o(.text)
    .text                                    0x080008f0   Section        0  dfixul.o(.text)
    .text                                    0x08000920   Section       48  cdrcmple.o(.text)
    .text                                    0x08000950   Section       36  init.o(.text)
    i.ADC_ConversionStop_Disable             0x08000974   Section        0  stm32f1xx_hal_adc.o(i.ADC_ConversionStop_Disable)
    i.ADC_Enable                             0x080009cc   Section        0  stm32f1xx_hal_adc.o(i.ADC_Enable)
    i.Auto_run                               0x08000a48   Section        0  control.o(i.Auto_run)
    i.Balance                                0x08000c34   Section        0  control.o(i.Balance)
    i.BusFault_Handler                       0x08000c7c   Section        0  stm32f1xx_it.o(i.BusFault_Handler)
    i.DataScope                              0x08000c80   Section        0  show.o(i.DataScope)
    i.DataScope_Data_Generate                0x08000cec   Section        0  datascope_dp.o(i.DataScope_Data_Generate)
    i.DataScope_Get_Channel_Data             0x08000d6c   Section        0  datascope_dp.o(i.DataScope_Get_Channel_Data)
    i.DebugMon_Handler                       0x08000dc0   Section        0  stm32f1xx_it.o(i.DebugMon_Handler)
    i.EXTI15_10_IRQHandler                   0x08000dc2   Section        0  stm32f1xx_it.o(i.EXTI15_10_IRQHandler)
    i.EXTI9_5_IRQHandler                     0x08000dd8   Section        0  stm32f1xx_it.o(i.EXTI9_5_IRQHandler)
    i.Error_Handler                          0x08000dea   Section        0  main.o(i.Error_Handler)
    i.Float2Byte                             0x08000dee   Section        0  datascope_dp.o(i.Float2Byte)
    i.Get_Adc                                0x08000e04   Section        0  adc.o(i.Get_Adc)
    i.Get_Adc_Average                        0x08000e44   Section        0  adc.o(i.Get_Adc_Average)
    i.Get_battery_volt                       0x08000e6c   Section        0  adc.o(i.Get_battery_volt)
    i.HAL_ADCEx_Calibration_Start            0x08000eb0   Section        0  stm32f1xx_hal_adc_ex.o(i.HAL_ADCEx_Calibration_Start)
    i.HAL_ADC_ConfigChannel                  0x08000f88   Section        0  stm32f1xx_hal_adc.o(i.HAL_ADC_ConfigChannel)
    i.HAL_ADC_GetValue                       0x08001084   Section        0  stm32f1xx_hal_adc.o(i.HAL_ADC_GetValue)
    i.HAL_ADC_Init                           0x0800108c   Section        0  stm32f1xx_hal_adc.o(i.HAL_ADC_Init)
    i.HAL_ADC_MspInit                        0x080011a8   Section        0  adc.o(i.HAL_ADC_MspInit)
    i.HAL_ADC_PollForConversion              0x0800120c   Section        0  stm32f1xx_hal_adc.o(i.HAL_ADC_PollForConversion)
    i.HAL_ADC_Start                          0x08001348   Section        0  stm32f1xx_hal_adc.o(i.HAL_ADC_Start)
    i.HAL_Delay                              0x08001408   Section        0  stm32f1xx_hal.o(i.HAL_Delay)
    i.HAL_GPIO_EXTI_Callback                 0x0800142c   Section        0  gpio.o(i.HAL_GPIO_EXTI_Callback)
    i.HAL_GPIO_EXTI_IRQHandler               0x08001594   Section        0  stm32f1xx_hal_gpio.o(i.HAL_GPIO_EXTI_IRQHandler)
    i.HAL_GPIO_Init                          0x080015ac   Section        0  stm32f1xx_hal_gpio.o(i.HAL_GPIO_Init)
    i.HAL_GPIO_WritePin                      0x0800178c   Section        0  stm32f1xx_hal_gpio.o(i.HAL_GPIO_WritePin)
    i.HAL_GetTick                            0x08001798   Section        0  stm32f1xx_hal.o(i.HAL_GetTick)
    i.HAL_IncTick                            0x080017a4   Section        0  stm32f1xx_hal.o(i.HAL_IncTick)
    i.HAL_Init                               0x080017b4   Section        0  stm32f1xx_hal.o(i.HAL_Init)
    i.HAL_InitTick                           0x080017d8   Section        0  stm32f1xx_hal.o(i.HAL_InitTick)
    i.HAL_MspInit                            0x08001818   Section        0  stm32f1xx_hal_msp.o(i.HAL_MspInit)
    i.HAL_NVIC_EnableIRQ                     0x0800185c   Section        0  stm32f1xx_hal_cortex.o(i.HAL_NVIC_EnableIRQ)
    i.HAL_NVIC_SetPriority                   0x08001878   Section        0  stm32f1xx_hal_cortex.o(i.HAL_NVIC_SetPriority)
    i.HAL_NVIC_SetPriorityGrouping           0x080018b8   Section        0  stm32f1xx_hal_cortex.o(i.HAL_NVIC_SetPriorityGrouping)
    i.HAL_RCCEx_GetPeriphCLKFreq             0x080018dc   Section        0  stm32f1xx_hal_rcc_ex.o(i.HAL_RCCEx_GetPeriphCLKFreq)
    i.HAL_RCCEx_PeriphCLKConfig              0x080019a4   Section        0  stm32f1xx_hal_rcc_ex.o(i.HAL_RCCEx_PeriphCLKConfig)
    i.HAL_RCC_ClockConfig                    0x08001a90   Section        0  stm32f1xx_hal_rcc.o(i.HAL_RCC_ClockConfig)
    i.HAL_RCC_GetPCLK1Freq                   0x08001bbc   Section        0  stm32f1xx_hal_rcc.o(i.HAL_RCC_GetPCLK1Freq)
    i.HAL_RCC_GetPCLK2Freq                   0x08001bdc   Section        0  stm32f1xx_hal_rcc.o(i.HAL_RCC_GetPCLK2Freq)
    i.HAL_RCC_GetSysClockFreq                0x08001bfc   Section        0  stm32f1xx_hal_rcc.o(i.HAL_RCC_GetSysClockFreq)
    i.HAL_RCC_OscConfig                      0x08001c68   Section        0  stm32f1xx_hal_rcc.o(i.HAL_RCC_OscConfig)
    i.HAL_SYSTICK_Config                     0x08001f88   Section        0  stm32f1xx_hal_cortex.o(i.HAL_SYSTICK_Config)
    i.HAL_TIMEx_BreakCallback                0x08001fb0   Section        0  stm32f1xx_hal_tim_ex.o(i.HAL_TIMEx_BreakCallback)
    i.HAL_TIMEx_CommutCallback               0x08001fb2   Section        0  stm32f1xx_hal_tim_ex.o(i.HAL_TIMEx_CommutCallback)
    i.HAL_TIMEx_MasterConfigSynchronization  0x08001fb4   Section        0  stm32f1xx_hal_tim_ex.o(i.HAL_TIMEx_MasterConfigSynchronization)
    i.HAL_TIM_Base_Init                      0x0800201c   Section        0  stm32f1xx_hal_tim.o(i.HAL_TIM_Base_Init)
    i.HAL_TIM_Base_MspInit                   0x08002078   Section        0  tim.o(i.HAL_TIM_Base_MspInit)
    i.HAL_TIM_Base_Start_IT                  0x080020cc   Section        0  stm32f1xx_hal_tim.o(i.HAL_TIM_Base_Start_IT)
    i.HAL_TIM_ConfigClockSource              0x08002124   Section        0  stm32f1xx_hal_tim.o(i.HAL_TIM_ConfigClockSource)
    i.HAL_TIM_Encoder_Init                   0x080021fa   Section        0  stm32f1xx_hal_tim.o(i.HAL_TIM_Encoder_Init)
    i.HAL_TIM_Encoder_MspInit                0x080022a0   Section        0  tim.o(i.HAL_TIM_Encoder_MspInit)
    i.HAL_TIM_Encoder_Start                  0x080022f4   Section        0  stm32f1xx_hal_tim.o(i.HAL_TIM_Encoder_Start)
    i.HAL_TIM_IC_CaptureCallback             0x08002382   Section        0  stm32f1xx_hal_tim.o(i.HAL_TIM_IC_CaptureCallback)
    i.HAL_TIM_IRQHandler                     0x08002384   Section        0  stm32f1xx_hal_tim.o(i.HAL_TIM_IRQHandler)
    i.HAL_TIM_MspPostInit                    0x080024ec   Section        0  tim.o(i.HAL_TIM_MspPostInit)
    i.HAL_TIM_OC_DelayElapsedCallback        0x08002538   Section        0  stm32f1xx_hal_tim.o(i.HAL_TIM_OC_DelayElapsedCallback)
    i.HAL_TIM_PWM_ConfigChannel              0x0800253a   Section        0  stm32f1xx_hal_tim.o(i.HAL_TIM_PWM_ConfigChannel)
    i.HAL_TIM_PWM_Init                       0x08002600   Section        0  stm32f1xx_hal_tim.o(i.HAL_TIM_PWM_Init)
    i.HAL_TIM_PWM_MspInit                    0x0800265a   Section        0  stm32f1xx_hal_tim.o(i.HAL_TIM_PWM_MspInit)
    i.HAL_TIM_PWM_PulseFinishedCallback      0x0800265c   Section        0  stm32f1xx_hal_tim.o(i.HAL_TIM_PWM_PulseFinishedCallback)
    i.HAL_TIM_PWM_Start                      0x08002660   Section        0  stm32f1xx_hal_tim.o(i.HAL_TIM_PWM_Start)
    i.HAL_TIM_PeriodElapsedCallback          0x080026fc   Section        0  control.o(i.HAL_TIM_PeriodElapsedCallback)
    i.HAL_TIM_TriggerCallback                0x08002828   Section        0  stm32f1xx_hal_tim.o(i.HAL_TIM_TriggerCallback)
    i.HAL_UART_Init                          0x0800282a   Section        0  stm32f1xx_hal_uart.o(i.HAL_UART_Init)
    i.HAL_UART_MspInit                       0x0800288c   Section        0  usart.o(i.HAL_UART_MspInit)
    i.HAL_UART_Transmit                      0x080028fc   Section        0  stm32f1xx_hal_uart.o(i.HAL_UART_Transmit)
    i.HardFault_Handler                      0x080029ae   Section        0  stm32f1xx_it.o(i.HardFault_Handler)
    i.JTAG_Set                               0x080029b0   Section        0  main.o(i.JTAG_Set)
    i.Key                                    0x080029d8   Section        0  control.o(i.Key)
    i.Led_Flash                              0x08002a60   Section        0  led.o(i.Led_Flash)
    i.Long_Press                             0x08002a90   Section        0  key.o(i.Long_Press)
    i.MX_ADC1_Init                           0x08002acc   Section        0  adc.o(i.MX_ADC1_Init)
    i.MX_GPIO_Init                           0x08002b1c   Section        0  gpio.o(i.MX_GPIO_Init)
    i.MX_TIM1_Init                           0x08002c2c   Section        0  tim.o(i.MX_TIM1_Init)
    i.MX_TIM3_Init                           0x08002ca0   Section        0  tim.o(i.MX_TIM3_Init)
    i.MX_TIM4_Init                           0x08002d40   Section        0  tim.o(i.MX_TIM4_Init)
    i.MX_USART1_UART_Init                    0x08002dbc   Section        0  usart.o(i.MX_USART1_UART_Init)
    i.MemManage_Handler                      0x08002df4   Section        0  stm32f1xx_it.o(i.MemManage_Handler)
    i.NMI_Handler                            0x08002df6   Section        0  stm32f1xx_it.o(i.NMI_Handler)
    i.OLED_Clear                             0x08002df8   Section        0  oled.o(i.OLED_Clear)
    i.OLED_DrawPoint                         0x08002e24   Section        0  oled.o(i.OLED_DrawPoint)
    i.OLED_Init                              0x08002e60   Section        0  oled.o(i.OLED_Init)
    i.OLED_Refresh_Gram                      0x08002f4c   Section        0  oled.o(i.OLED_Refresh_Gram)
    i.OLED_ShowChar                          0x08002f98   Section        0  oled.o(i.OLED_ShowChar)
    i.OLED_ShowChinese                       0x08003028   Section        0  oled.o(i.OLED_ShowChinese)
    i.OLED_ShowChinese_12                    0x08003094   Section        0  oled.o(i.OLED_ShowChinese_12)
    i.OLED_ShowNumber                        0x08003104   Section        0  oled.o(i.OLED_ShowNumber)
    i.OLED_ShowString                        0x0800317c   Section        0  oled.o(i.OLED_ShowString)
    i.OLED_WR_Byte                           0x080031bc   Section        0  oled.o(i.OLED_WR_Byte)
    i.PendSV_Handler                         0x08003204   Section        0  stm32f1xx_it.o(i.PendSV_Handler)
    i.Position                               0x08003208   Section        0  control.o(i.Position)
    i.Position_PID                           0x080032a4   Section        0  control.o(i.Position_PID)
    i.Read_Encoder                           0x080032f4   Section        0  tim.o(i.Read_Encoder)
    i.SVC_Handler                            0x08003320   Section        0  stm32f1xx_it.o(i.SVC_Handler)
    i.Set_Pwm                                0x08003324   Section        0  control.o(i.Set_Pwm)
    i.SysTick_Handler                        0x08003354   Section        0  stm32f1xx_it.o(i.SysTick_Handler)
    i.SystemClock_Config                     0x08003358   Section        0  main.o(i.SystemClock_Config)
    i.SystemInit                             0x080033d0   Section        0  system_stm32f1xx.o(i.SystemInit)
    i.TIM1_UP_IRQHandler                     0x080033d4   Section        0  stm32f1xx_it.o(i.TIM1_UP_IRQHandler)
    i.TIM_Base_SetConfig                     0x080033e0   Section        0  stm32f1xx_hal_tim.o(i.TIM_Base_SetConfig)
    i.TIM_CCxChannelCmd                      0x0800344c   Section        0  stm32f1xx_hal_tim.o(i.TIM_CCxChannelCmd)
    i.TIM_ETR_SetConfig                      0x08003466   Section        0  stm32f1xx_hal_tim.o(i.TIM_ETR_SetConfig)
    i.TIM_ITRx_SetConfig                     0x0800347a   Section        0  stm32f1xx_hal_tim.o(i.TIM_ITRx_SetConfig)
    TIM_ITRx_SetConfig                       0x0800347b   Thumb Code    16  stm32f1xx_hal_tim.o(i.TIM_ITRx_SetConfig)
    i.TIM_OC1_SetConfig                      0x0800348c   Section        0  stm32f1xx_hal_tim.o(i.TIM_OC1_SetConfig)
    TIM_OC1_SetConfig                        0x0800348d   Thumb Code    74  stm32f1xx_hal_tim.o(i.TIM_OC1_SetConfig)
    i.TIM_OC2_SetConfig                      0x080034dc   Section        0  stm32f1xx_hal_tim.o(i.TIM_OC2_SetConfig)
    i.TIM_OC3_SetConfig                      0x08003534   Section        0  stm32f1xx_hal_tim.o(i.TIM_OC3_SetConfig)
    TIM_OC3_SetConfig                        0x08003535   Thumb Code    82  stm32f1xx_hal_tim.o(i.TIM_OC3_SetConfig)
    i.TIM_OC4_SetConfig                      0x0800358c   Section        0  stm32f1xx_hal_tim.o(i.TIM_OC4_SetConfig)
    TIM_OC4_SetConfig                        0x0800358d   Thumb Code    64  stm32f1xx_hal_tim.o(i.TIM_OC4_SetConfig)
    i.TIM_TI1_ConfigInputStage               0x080035d0   Section        0  stm32f1xx_hal_tim.o(i.TIM_TI1_ConfigInputStage)
    TIM_TI1_ConfigInputStage                 0x080035d1   Thumb Code    34  stm32f1xx_hal_tim.o(i.TIM_TI1_ConfigInputStage)
    i.TIM_TI2_ConfigInputStage               0x080035f2   Section        0  stm32f1xx_hal_tim.o(i.TIM_TI2_ConfigInputStage)
    TIM_TI2_ConfigInputStage                 0x080035f3   Thumb Code    36  stm32f1xx_hal_tim.o(i.TIM_TI2_ConfigInputStage)
    i.Tips                                   0x08003618   Section        0  check.o(i.Tips)
    i.Turn_Off                               0x08003844   Section        0  control.o(i.Turn_Off)
    i.UART_SetConfig                         0x08003890   Section        0  stm32f1xx_hal_uart.o(i.UART_SetConfig)
    UART_SetConfig                           0x08003891   Thumb Code   178  stm32f1xx_hal_uart.o(i.UART_SetConfig)
    i.UART_WaitOnFlagUntilTimeout            0x08003948   Section        0  stm32f1xx_hal_uart.o(i.UART_WaitOnFlagUntilTimeout)
    UART_WaitOnFlagUntilTimeout              0x08003949   Thumb Code   100  stm32f1xx_hal_uart.o(i.UART_WaitOnFlagUntilTimeout)
    i.UsageFault_Handler                     0x080039ac   Section        0  stm32f1xx_it.o(i.UsageFault_Handler)
    i.Xianfu_Pwm                             0x080039b0   Section        0  control.o(i.Xianfu_Pwm)
    i.__0sprintf                             0x080039d0   Section        0  printfa.o(i.__0sprintf)
    i.__NVIC_SetPriority                     0x080039f8   Section        0  stm32f1xx_hal_cortex.o(i.__NVIC_SetPriority)
    __NVIC_SetPriority                       0x080039f9   Thumb Code    32  stm32f1xx_hal_cortex.o(i.__NVIC_SetPriority)
    i.__scatterload_copy                     0x08003a18   Section       14  handlers.o(i.__scatterload_copy)
    i.__scatterload_null                     0x08003a26   Section        2  handlers.o(i.__scatterload_null)
    i.__scatterload_zeroinit                 0x08003a28   Section       14  handlers.o(i.__scatterload_zeroinit)
    i._fp_digits                             0x08003a38   Section        0  printfa.o(i._fp_digits)
    _fp_digits                               0x08003a39   Thumb Code   366  printfa.o(i._fp_digits)
    i._printf_core                           0x08003bbc   Section        0  printfa.o(i._printf_core)
    _printf_core                             0x08003bbd   Thumb Code  1704  printfa.o(i._printf_core)
    i._printf_post_padding                   0x08004270   Section        0  printfa.o(i._printf_post_padding)
    _printf_post_padding                     0x08004271   Thumb Code    36  printfa.o(i._printf_post_padding)
    i._printf_pre_padding                    0x08004294   Section        0  printfa.o(i._printf_pre_padding)
    _printf_pre_padding                      0x08004295   Thumb Code    46  printfa.o(i._printf_pre_padding)
    i._sputc                                 0x080042c2   Section        0  printfa.o(i._sputc)
    _sputc                                   0x080042c3   Thumb Code    10  printfa.o(i._sputc)
    i.check_display                          0x080042cc   Section        0  show.o(i.check_display)
    i.click                                  0x08004434   Section        0  key.o(i.click)
    i.click_N_Double                         0x0800448c   Section        0  key.o(i.click_N_Double)
    i.fail_display                           0x08004518   Section        0  show.o(i.fail_display)
    i.main                                   0x0800459c   Section        0  main.o(i.main)
    i.myabs                                  0x08004628   Section        0  control.o(i.myabs)
    i.oled_pow                               0x08004630   Section        0  oled.o(i.oled_pow)
    i.oled_show                              0x08004640   Section        0  show.o(i.oled_show)
    i.show_Tips                              0x080049f4   Section        0  show.o(i.show_Tips)
    i.step_0                                 0x08004b72   Section        0  show.o(i.step_0)
    i.step_1                                 0x08004d38   Section        0  show.o(i.step_1)
    i.step_2                                 0x08004ec2   Section        0  show.o(i.step_2)
    i.step_3                                 0x08005054   Section        0  show.o(i.step_3)
    i.success_display                        0x080051c8   Section        0  show.o(i.success_display)
    .constdata                               0x0800527c   Section    41044  oled.o(.constdata)
    .constdata                               0x0800f2d0   Section       16  system_stm32f1xx.o(.constdata)
    .constdata                               0x0800f2e0   Section        8  system_stm32f1xx.o(.constdata)
    .data                                    0x20000000   Section        1  main.o(.data)
    .data                                    0x20000001   Section        1  main.o(.data)
    .data                                    0x20000002   Section        1  main.o(.data)
    .data                                    0x20000004   Section        4  main.o(.data)
    .data                                    0x20000008   Section        4  main.o(.data)
    .data                                    0x2000000c   Section        4  main.o(.data)
    .data                                    0x20000010   Section        4  main.o(.data)
    .data                                    0x20000014   Section        4  main.o(.data)
    .data                                    0x20000018   Section        4  main.o(.data)
    .data                                    0x2000001c   Section        4  main.o(.data)
    .data                                    0x20000020   Section        4  main.o(.data)
    .data                                    0x20000024   Section        4  main.o(.data)
    .data                                    0x20000028   Section        4  main.o(.data)
    .data                                    0x2000002c   Section        4  main.o(.data)
    .data                                    0x20000030   Section        4  main.o(.data)
    .data                                    0x20000034   Section        1  main.o(.data)
    .data                                    0x20000038   Section        8  main.o(.data)
    .data                                    0x20000040   Section        4  main.o(.data)
    .data                                    0x20000044   Section        4  main.o(.data)
    .data                                    0x20000048   Section        4  main.o(.data)
    .data                                    0x2000004c   Section        4  led.o(.data)
    temp                                     0x2000004c   Data           4  led.o(.data)
    .data                                    0x20000050   Section       16  key.o(.data)
    flag_key                                 0x20000050   Data           1  key.o(.data)
    count_key                                0x20000051   Data           1  key.o(.data)
    double_key                               0x20000052   Data           1  key.o(.data)
    flag_key                                 0x20000053   Data           1  key.o(.data)
    count_single                             0x20000054   Data           2  key.o(.data)
    Forever_count                            0x20000056   Data           2  key.o(.data)
    Long_Press_count                         0x20000058   Data           2  key.o(.data)
    Long_Press                               0x2000005a   Data           2  key.o(.data)
    Long_Press_count                         0x2000005c   Data           2  key.o(.data)
    Long_Press                               0x2000005e   Data           2  key.o(.data)
    .data                                    0x20000060   Section       88  control.o(.data)
    try_count                                0x2000006a   Data           2  control.o(.data)
    stop_count                               0x2000006c   Data           2  control.o(.data)
    D_Bias                                   0x20000074   Data           4  control.o(.data)
    Position_PWM                             0x20000078   Data           4  control.o(.data)
    Position_Bias                            0x2000007c   Data           4  control.o(.data)
    Position_Differential                    0x20000080   Data           4  control.o(.data)
    Position_Least                           0x20000084   Data           4  control.o(.data)
    tmp                                      0x20000088   Data           4  control.o(.data)
    flag                                     0x2000008c   Data           4  control.o(.data)
    count                                    0x20000090   Data           4  control.o(.data)
    Bias                                     0x20000094   Data           4  control.o(.data)
    Pwm                                      0x20000098   Data           4  control.o(.data)
    Integral_bias                            0x2000009c   Data           4  control.o(.data)
    Last_Bias                                0x200000a0   Data           4  control.o(.data)
    .data                                    0x200000b8   Section        2  show.o(.data)
    .data                                    0x200000ba   Section        2  check.o(.data)
    i                                        0x200000ba   Data           1  check.o(.data)
    count                                    0x200000bb   Data           1  check.o(.data)
    .data                                    0x200000bc   Section       12  stm32f1xx_hal.o(.data)
    .data                                    0x200000c8   Section        4  system_stm32f1xx.o(.data)
    .bss                                     0x200000cc   Section       10  main.o(.bss)
    .bss                                     0x200000d8   Section       48  adc.o(.bss)
    .bss                                     0x20000108   Section      216  tim.o(.bss)
    .bss                                     0x200001e0   Section       68  usart.o(.bss)
    .bss                                     0x20000224   Section     1024  oled.o(.bss)
    .bss                                     0x20000624   Section       42  datascope_dp.o(.bss)
    STACK                                    0x20000650   Section     1024  startup_stm32f103xb.o(STACK)

    Global Symbols

    Symbol Name                              Value     Ov Type        Size  Object(Section)

    BuildAttributes$$THM_ISAv4$P$D$K$B$S$PE$A:L22UL41UL21$X:L11$S22US41US21$IEEE1$IW$USESV6$~STKCKD$USESV7$~SHL$OTIME$ROPI$EBA8$MICROLIB$REQ8$PRES8$EABIv2 0x00000000   Number         0  anon$$obj.o ABSOLUTE
    __ARM_use_no_argv                        0x00000000   Number         0  main.o ABSOLUTE
    _printf_a                                0x00000000   Number         0  stubs.o ABSOLUTE
    _printf_c                                0x00000000   Number         0  stubs.o ABSOLUTE
    _printf_charcount                        0x00000000   Number         0  stubs.o ABSOLUTE
    _printf_d                                0x00000000   Number         0  stubs.o ABSOLUTE
    _printf_e                                0x00000000   Number         0  stubs.o ABSOLUTE
    _printf_f                                0x00000000   Number         0  stubs.o ABSOLUTE
    _printf_flags                            0x00000000   Number         0  stubs.o ABSOLUTE
    _printf_fp_dec                           0x00000000   Number         0  stubs.o ABSOLUTE
    _printf_fp_hex                           0x00000000   Number         0  stubs.o ABSOLUTE
    _printf_g                                0x00000000   Number         0  stubs.o ABSOLUTE
    _printf_i                                0x00000000   Number         0  stubs.o ABSOLUTE
    _printf_int_dec                          0x00000000   Number         0  stubs.o ABSOLUTE
    _printf_l                                0x00000000   Number         0  stubs.o ABSOLUTE
    _printf_lc                               0x00000000   Number         0  stubs.o ABSOLUTE
    _printf_ll                               0x00000000   Number         0  stubs.o ABSOLUTE
    _printf_lld                              0x00000000   Number         0  stubs.o ABSOLUTE
    _printf_lli                              0x00000000   Number         0  stubs.o ABSOLUTE
    _printf_llo                              0x00000000   Number         0  stubs.o ABSOLUTE
    _printf_llu                              0x00000000   Number         0  stubs.o ABSOLUTE
    _printf_llx                              0x00000000   Number         0  stubs.o ABSOLUTE
    _printf_longlong_dec                     0x00000000   Number         0  stubs.o ABSOLUTE
    _printf_longlong_hex                     0x00000000   Number         0  stubs.o ABSOLUTE
    _printf_longlong_oct                     0x00000000   Number         0  stubs.o ABSOLUTE
    _printf_ls                               0x00000000   Number         0  stubs.o ABSOLUTE
    _printf_mbtowc                           0x00000000   Number         0  stubs.o ABSOLUTE
    _printf_n                                0x00000000   Number         0  stubs.o ABSOLUTE
    _printf_o                                0x00000000   Number         0  stubs.o ABSOLUTE
    _printf_p                                0x00000000   Number         0  stubs.o ABSOLUTE
    _printf_percent                          0x00000000   Number         0  stubs.o ABSOLUTE
    _printf_pre_padding                      0x00000000   Number         0  stubs.o ABSOLUTE
    _printf_return_value                     0x00000000   Number         0  stubs.o ABSOLUTE
    _printf_s                                0x00000000   Number         0  stubs.o ABSOLUTE
    _printf_sizespec                         0x00000000   Number         0  stubs.o ABSOLUTE
    _printf_str                              0x00000000   Number         0  stubs.o ABSOLUTE
    _printf_truncate_signed                  0x00000000   Number         0  stubs.o ABSOLUTE
    _printf_truncate_unsigned                0x00000000   Number         0  stubs.o ABSOLUTE
    _printf_u                                0x00000000   Number         0  stubs.o ABSOLUTE
    _printf_wc                               0x00000000   Number         0  stubs.o ABSOLUTE
    _printf_wctomb                           0x00000000   Number         0  stubs.o ABSOLUTE
    _printf_widthprec                        0x00000000   Number         0  stubs.o ABSOLUTE
    _printf_x                                0x00000000   Number         0  stubs.o ABSOLUTE
    __arm_fini_                               - Undefined Weak Reference
    __cpp_initialize__aeabi_                  - Undefined Weak Reference
    __cxa_finalize                            - Undefined Weak Reference
    __decompress                              - Undefined Weak Reference
    _clock_init                               - Undefined Weak Reference
    _microlib_exit                            - Undefined Weak Reference
    __Vectors_Size                           0x000000ec   Number         0  startup_stm32f103xb.o ABSOLUTE
    __Vectors                                0x08000000   Data           4  startup_stm32f103xb.o(RESET)
    __Vectors_End                            0x080000ec   Data           0  startup_stm32f103xb.o(RESET)
    __main                                   0x080000ed   Thumb Code     0  entry.o(.ARM.Collect$$$$00000000)
    _main_stk                                0x080000ed   Thumb Code     0  entry2.o(.ARM.Collect$$$$00000001)
    _main_scatterload                        0x080000f1   Thumb Code     0  entry5.o(.ARM.Collect$$$$00000004)
    __main_after_scatterload                 0x080000f5   Thumb Code     0  entry5.o(.ARM.Collect$$$$00000004)
    _main_clock                              0x080000f5   Thumb Code     0  entry7b.o(.ARM.Collect$$$$00000008)
    _main_cpp_init                           0x080000f5   Thumb Code     0  entry8b.o(.ARM.Collect$$$$0000000A)
    _main_init                               0x080000f5   Thumb Code     0  entry9a.o(.ARM.Collect$$$$0000000B)
    __rt_lib_shutdown_fini                   0x080000fd   Thumb Code     0  entry12b.o(.ARM.Collect$$$$0000000E)
    __rt_final_cpp                           0x08000101   Thumb Code     0  entry10a.o(.ARM.Collect$$$$0000000F)
    __rt_final_exit                          0x08000101   Thumb Code     0  entry11a.o(.ARM.Collect$$$$00000011)
    Reset_Handler                            0x08000105   Thumb Code     8  startup_stm32f103xb.o(.text)
    ADC1_2_IRQHandler                        0x0800011f   Thumb Code     0  startup_stm32f103xb.o(.text)
    CAN1_RX1_IRQHandler                      0x0800011f   Thumb Code     0  startup_stm32f103xb.o(.text)
    CAN1_SCE_IRQHandler                      0x0800011f   Thumb Code     0  startup_stm32f103xb.o(.text)
    DMA1_Channel1_IRQHandler                 0x0800011f   Thumb Code     0  startup_stm32f103xb.o(.text)
    DMA1_Channel2_IRQHandler                 0x0800011f   Thumb Code     0  startup_stm32f103xb.o(.text)
    DMA1_Channel3_IRQHandler                 0x0800011f   Thumb Code     0  startup_stm32f103xb.o(.text)
    DMA1_Channel4_IRQHandler                 0x0800011f   Thumb Code     0  startup_stm32f103xb.o(.text)
    DMA1_Channel5_IRQHandler                 0x0800011f   Thumb Code     0  startup_stm32f103xb.o(.text)
    DMA1_Channel6_IRQHandler                 0x0800011f   Thumb Code     0  startup_stm32f103xb.o(.text)
    DMA1_Channel7_IRQHandler                 0x0800011f   Thumb Code     0  startup_stm32f103xb.o(.text)
    EXTI0_IRQHandler                         0x0800011f   Thumb Code     0  startup_stm32f103xb.o(.text)
    EXTI1_IRQHandler                         0x0800011f   Thumb Code     0  startup_stm32f103xb.o(.text)
    EXTI2_IRQHandler                         0x0800011f   Thumb Code     0  startup_stm32f103xb.o(.text)
    EXTI3_IRQHandler                         0x0800011f   Thumb Code     0  startup_stm32f103xb.o(.text)
    EXTI4_IRQHandler                         0x0800011f   Thumb Code     0  startup_stm32f103xb.o(.text)
    FLASH_IRQHandler                         0x0800011f   Thumb Code     0  startup_stm32f103xb.o(.text)
    I2C1_ER_IRQHandler                       0x0800011f   Thumb Code     0  startup_stm32f103xb.o(.text)
    I2C1_EV_IRQHandler                       0x0800011f   Thumb Code     0  startup_stm32f103xb.o(.text)
    I2C2_ER_IRQHandler                       0x0800011f   Thumb Code     0  startup_stm32f103xb.o(.text)
    I2C2_EV_IRQHandler                       0x0800011f   Thumb Code     0  startup_stm32f103xb.o(.text)
    PVD_IRQHandler                           0x0800011f   Thumb Code     0  startup_stm32f103xb.o(.text)
    RCC_IRQHandler                           0x0800011f   Thumb Code     0  startup_stm32f103xb.o(.text)
    RTC_Alarm_IRQHandler                     0x0800011f   Thumb Code     0  startup_stm32f103xb.o(.text)
    RTC_IRQHandler                           0x0800011f   Thumb Code     0  startup_stm32f103xb.o(.text)
    SPI1_IRQHandler                          0x0800011f   Thumb Code     0  startup_stm32f103xb.o(.text)
    SPI2_IRQHandler                          0x0800011f   Thumb Code     0  startup_stm32f103xb.o(.text)
    TAMPER_IRQHandler                        0x0800011f   Thumb Code     0  startup_stm32f103xb.o(.text)
    TIM1_BRK_IRQHandler                      0x0800011f   Thumb Code     0  startup_stm32f103xb.o(.text)
    TIM1_CC_IRQHandler                       0x0800011f   Thumb Code     0  startup_stm32f103xb.o(.text)
    TIM1_TRG_COM_IRQHandler                  0x0800011f   Thumb Code     0  startup_stm32f103xb.o(.text)
    TIM2_IRQHandler                          0x0800011f   Thumb Code     0  startup_stm32f103xb.o(.text)
    TIM3_IRQHandler                          0x0800011f   Thumb Code     0  startup_stm32f103xb.o(.text)
    TIM4_IRQHandler                          0x0800011f   Thumb Code     0  startup_stm32f103xb.o(.text)
    USART1_IRQHandler                        0x0800011f   Thumb Code     0  startup_stm32f103xb.o(.text)
    USART2_IRQHandler                        0x0800011f   Thumb Code     0  startup_stm32f103xb.o(.text)
    USART3_IRQHandler                        0x0800011f   Thumb Code     0  startup_stm32f103xb.o(.text)
    USBWakeUp_IRQHandler                     0x0800011f   Thumb Code     0  startup_stm32f103xb.o(.text)
    USB_HP_CAN1_TX_IRQHandler                0x0800011f   Thumb Code     0  startup_stm32f103xb.o(.text)
    USB_LP_CAN1_RX0_IRQHandler               0x0800011f   Thumb Code     0  startup_stm32f103xb.o(.text)
    WWDG_IRQHandler                          0x0800011f   Thumb Code     0  startup_stm32f103xb.o(.text)
    __aeabi_llsr                             0x08000129   Thumb Code    32  llushr.o(.text)
    _ll_ushift_r                             0x08000129   Thumb Code     0  llushr.o(.text)
    __aeabi_memset                           0x08000149   Thumb Code    14  memseta.o(.text)
    __aeabi_memset4                          0x08000149   Thumb Code     0  memseta.o(.text)
    __aeabi_memset8                          0x08000149   Thumb Code     0  memseta.o(.text)
    __aeabi_memclr                           0x08000157   Thumb Code     4  memseta.o(.text)
    __aeabi_memclr4                          0x08000157   Thumb Code     0  memseta.o(.text)
    __aeabi_memclr8                          0x08000157   Thumb Code     0  memseta.o(.text)
    _memset$wrapper                          0x0800015b   Thumb Code    18  memseta.o(.text)
    strlen                                   0x0800016d   Thumb Code    14  strlen.o(.text)
    __aeabi_fadd                             0x0800017b   Thumb Code   164  fadd.o(.text)
    __aeabi_fsub                             0x0800021f   Thumb Code     6  fadd.o(.text)
    __aeabi_frsub                            0x08000225   Thumb Code     6  fadd.o(.text)
    __aeabi_fmul                             0x0800022b   Thumb Code   100  fmul.o(.text)
    __aeabi_dadd                             0x0800028f   Thumb Code   322  dadd.o(.text)
    __aeabi_dsub                             0x080003d1   Thumb Code     6  dadd.o(.text)
    __aeabi_drsub                            0x080003d7   Thumb Code     6  dadd.o(.text)
    __aeabi_dmul                             0x080003dd   Thumb Code   228  dmul.o(.text)
    __ARM_scalbn                             0x080004c1   Thumb Code    46  dscalb.o(.text)
    scalbn                                   0x080004c1   Thumb Code     0  dscalb.o(.text)
    __aeabi_i2f                              0x080004ef   Thumb Code    18  fflti.o(.text)
    __aeabi_ui2f                             0x08000501   Thumb Code    10  ffltui.o(.text)
    __aeabi_ui2d                             0x0800050b   Thumb Code    26  dfltui.o(.text)
    __aeabi_f2iz                             0x08000525   Thumb Code    50  ffixi.o(.text)
    __aeabi_f2uiz                            0x08000557   Thumb Code    40  ffixui.o(.text)
    __aeabi_d2iz                             0x0800057f   Thumb Code    62  dfixi.o(.text)
    __aeabi_f2d                              0x080005bd   Thumb Code    38  f2d.o(.text)
    __aeabi_d2f                              0x080005e3   Thumb Code    56  d2f.o(.text)
    __aeabi_uidiv                            0x0800061b   Thumb Code     0  uidiv.o(.text)
    __aeabi_uidivmod                         0x0800061b   Thumb Code    44  uidiv.o(.text)
    __aeabi_uldivmod                         0x08000647   Thumb Code    98  uldiv.o(.text)
    __aeabi_llsl                             0x080006a9   Thumb Code    30  llshl.o(.text)
    _ll_shift_l                              0x080006a9   Thumb Code     0  llshl.o(.text)
    __aeabi_lasr                             0x080006c7   Thumb Code    36  llsshr.o(.text)
    _ll_sshift_r                             0x080006c7   Thumb Code     0  llsshr.o(.text)
    __I$use$fp                               0x080006eb   Thumb Code     0  iusefp.o(.text)
    _float_round                             0x080006eb   Thumb Code    18  fepilogue.o(.text)
    _float_epilogue                          0x080006fd   Thumb Code    92  fepilogue.o(.text)
    _double_round                            0x08000759   Thumb Code    30  depilogue.o(.text)
    _double_epilogue                         0x08000777   Thumb Code   156  depilogue.o(.text)
    __aeabi_ddiv                             0x08000813   Thumb Code   222  ddiv.o(.text)
    __aeabi_d2ulz                            0x080008f1   Thumb Code    48  dfixul.o(.text)
    __aeabi_cdrcmple                         0x08000921   Thumb Code    48  cdrcmple.o(.text)
    __scatterload                            0x08000951   Thumb Code    28  init.o(.text)
    __scatterload_rt2                        0x08000951   Thumb Code     0  init.o(.text)
    ADC_ConversionStop_Disable               0x08000975   Thumb Code    86  stm32f1xx_hal_adc.o(i.ADC_ConversionStop_Disable)
    ADC_Enable                               0x080009cd   Thumb Code   114  stm32f1xx_hal_adc.o(i.ADC_Enable)
    Auto_run                                 0x08000a49   Thumb Code   400  control.o(i.Auto_run)
    Balance                                  0x08000c35   Thumb Code    56  control.o(i.Balance)
    BusFault_Handler                         0x08000c7d   Thumb Code     2  stm32f1xx_it.o(i.BusFault_Handler)
    DataScope                                0x08000c81   Thumb Code    84  show.o(i.DataScope)
    DataScope_Data_Generate                  0x08000ced   Thumb Code   124  datascope_dp.o(i.DataScope_Data_Generate)
    DataScope_Get_Channel_Data               0x08000d6d   Thumb Code    78  datascope_dp.o(i.DataScope_Get_Channel_Data)
    DebugMon_Handler                         0x08000dc1   Thumb Code     2  stm32f1xx_it.o(i.DebugMon_Handler)
    EXTI15_10_IRQHandler                     0x08000dc3   Thumb Code    22  stm32f1xx_it.o(i.EXTI15_10_IRQHandler)
    EXTI9_5_IRQHandler                       0x08000dd9   Thumb Code    18  stm32f1xx_it.o(i.EXTI9_5_IRQHandler)
    Error_Handler                            0x08000deb   Thumb Code     4  main.o(i.Error_Handler)
    Float2Byte                               0x08000def   Thumb Code    20  datascope_dp.o(i.Float2Byte)
    Get_Adc                                  0x08000e05   Thumb Code    58  adc.o(i.Get_Adc)
    Get_Adc_Average                          0x08000e45   Thumb Code    40  adc.o(i.Get_Adc_Average)
    Get_battery_volt                         0x08000e6d   Thumb Code    54  adc.o(i.Get_battery_volt)
    HAL_ADCEx_Calibration_Start              0x08000eb1   Thumb Code   210  stm32f1xx_hal_adc_ex.o(i.HAL_ADCEx_Calibration_Start)
    HAL_ADC_ConfigChannel                    0x08000f89   Thumb Code   240  stm32f1xx_hal_adc.o(i.HAL_ADC_ConfigChannel)
    HAL_ADC_GetValue                         0x08001085   Thumb Code     6  stm32f1xx_hal_adc.o(i.HAL_ADC_GetValue)
    HAL_ADC_Init                             0x0800108d   Thumb Code   272  stm32f1xx_hal_adc.o(i.HAL_ADC_Init)
    HAL_ADC_MspInit                          0x080011a9   Thumb Code    82  adc.o(i.HAL_ADC_MspInit)
    HAL_ADC_PollForConversion                0x0800120d   Thumb Code   304  stm32f1xx_hal_adc.o(i.HAL_ADC_PollForConversion)
    HAL_ADC_Start                            0x08001349   Thumb Code   184  stm32f1xx_hal_adc.o(i.HAL_ADC_Start)
    HAL_Delay                                0x08001409   Thumb Code    32  stm32f1xx_hal.o(i.HAL_Delay)
    HAL_GPIO_EXTI_Callback                   0x0800142d   Thumb Code   312  gpio.o(i.HAL_GPIO_EXTI_Callback)
    HAL_GPIO_EXTI_IRQHandler                 0x08001595   Thumb Code    18  stm32f1xx_hal_gpio.o(i.HAL_GPIO_EXTI_IRQHandler)
    HAL_GPIO_Init                            0x080015ad   Thumb Code   446  stm32f1xx_hal_gpio.o(i.HAL_GPIO_Init)
    HAL_GPIO_WritePin                        0x0800178d   Thumb Code    10  stm32f1xx_hal_gpio.o(i.HAL_GPIO_WritePin)
    HAL_GetTick                              0x08001799   Thumb Code     6  stm32f1xx_hal.o(i.HAL_GetTick)
    HAL_IncTick                              0x080017a5   Thumb Code    12  stm32f1xx_hal.o(i.HAL_IncTick)
    HAL_Init                                 0x080017b5   Thumb Code    32  stm32f1xx_hal.o(i.HAL_Init)
    HAL_InitTick                             0x080017d9   Thumb Code    54  stm32f1xx_hal.o(i.HAL_InitTick)
    HAL_MspInit                              0x08001819   Thumb Code    58  stm32f1xx_hal_msp.o(i.HAL_MspInit)
    HAL_NVIC_EnableIRQ                       0x0800185d   Thumb Code    26  stm32f1xx_hal_cortex.o(i.HAL_NVIC_EnableIRQ)
    HAL_NVIC_SetPriority                     0x08001879   Thumb Code    60  stm32f1xx_hal_cortex.o(i.HAL_NVIC_SetPriority)
    HAL_NVIC_SetPriorityGrouping             0x080018b9   Thumb Code    26  stm32f1xx_hal_cortex.o(i.HAL_NVIC_SetPriorityGrouping)
    HAL_RCCEx_GetPeriphCLKFreq               0x080018dd   Thumb Code   166  stm32f1xx_hal_rcc_ex.o(i.HAL_RCCEx_GetPeriphCLKFreq)
    HAL_RCCEx_PeriphCLKConfig                0x080019a5   Thumb Code   224  stm32f1xx_hal_rcc_ex.o(i.HAL_RCCEx_PeriphCLKConfig)
    HAL_RCC_ClockConfig                      0x08001a91   Thumb Code   280  stm32f1xx_hal_rcc.o(i.HAL_RCC_ClockConfig)
    HAL_RCC_GetPCLK1Freq                     0x08001bbd   Thumb Code    20  stm32f1xx_hal_rcc.o(i.HAL_RCC_GetPCLK1Freq)
    HAL_RCC_GetPCLK2Freq                     0x08001bdd   Thumb Code    20  stm32f1xx_hal_rcc.o(i.HAL_RCC_GetPCLK2Freq)
    HAL_RCC_GetSysClockFreq                  0x08001bfd   Thumb Code    74  stm32f1xx_hal_rcc.o(i.HAL_RCC_GetSysClockFreq)
    HAL_RCC_OscConfig                        0x08001c69   Thumb Code   778  stm32f1xx_hal_rcc.o(i.HAL_RCC_OscConfig)
    HAL_SYSTICK_Config                       0x08001f89   Thumb Code    40  stm32f1xx_hal_cortex.o(i.HAL_SYSTICK_Config)
    HAL_TIMEx_BreakCallback                  0x08001fb1   Thumb Code     2  stm32f1xx_hal_tim_ex.o(i.HAL_TIMEx_BreakCallback)
    HAL_TIMEx_CommutCallback                 0x08001fb3   Thumb Code     2  stm32f1xx_hal_tim_ex.o(i.HAL_TIMEx_CommutCallback)
    HAL_TIMEx_MasterConfigSynchronization    0x08001fb5   Thumb Code    92  stm32f1xx_hal_tim_ex.o(i.HAL_TIMEx_MasterConfigSynchronization)
    HAL_TIM_Base_Init                        0x0800201d   Thumb Code    90  stm32f1xx_hal_tim.o(i.HAL_TIM_Base_Init)
    HAL_TIM_Base_MspInit                     0x08002079   Thumb Code    72  tim.o(i.HAL_TIM_Base_MspInit)
    HAL_TIM_Base_Start_IT                    0x080020cd   Thumb Code    76  stm32f1xx_hal_tim.o(i.HAL_TIM_Base_Start_IT)
    HAL_TIM_ConfigClockSource                0x08002125   Thumb Code   214  stm32f1xx_hal_tim.o(i.HAL_TIM_ConfigClockSource)
    HAL_TIM_Encoder_Init                     0x080021fb   Thumb Code   164  stm32f1xx_hal_tim.o(i.HAL_TIM_Encoder_Init)
    HAL_TIM_Encoder_MspInit                  0x080022a1   Thumb Code    72  tim.o(i.HAL_TIM_Encoder_MspInit)
    HAL_TIM_Encoder_Start                    0x080022f5   Thumb Code   142  stm32f1xx_hal_tim.o(i.HAL_TIM_Encoder_Start)
    HAL_TIM_IC_CaptureCallback               0x08002383   Thumb Code     2  stm32f1xx_hal_tim.o(i.HAL_TIM_IC_CaptureCallback)
    HAL_TIM_IRQHandler                       0x08002385   Thumb Code   358  stm32f1xx_hal_tim.o(i.HAL_TIM_IRQHandler)
    HAL_TIM_MspPostInit                      0x080024ed   Thumb Code    62  tim.o(i.HAL_TIM_MspPostInit)
    HAL_TIM_OC_DelayElapsedCallback          0x08002539   Thumb Code     2  stm32f1xx_hal_tim.o(i.HAL_TIM_OC_DelayElapsedCallback)
    HAL_TIM_PWM_ConfigChannel                0x0800253b   Thumb Code   198  stm32f1xx_hal_tim.o(i.HAL_TIM_PWM_ConfigChannel)
    HAL_TIM_PWM_Init                         0x08002601   Thumb Code    90  stm32f1xx_hal_tim.o(i.HAL_TIM_PWM_Init)
    HAL_TIM_PWM_MspInit                      0x0800265b   Thumb Code     2  stm32f1xx_hal_tim.o(i.HAL_TIM_PWM_MspInit)
    HAL_TIM_PWM_PulseFinishedCallback        0x0800265d   Thumb Code     2  stm32f1xx_hal_tim.o(i.HAL_TIM_PWM_PulseFinishedCallback)
    HAL_TIM_PWM_Start                        0x08002661   Thumb Code   144  stm32f1xx_hal_tim.o(i.HAL_TIM_PWM_Start)
    HAL_TIM_PeriodElapsedCallback            0x080026fd   Thumb Code   258  control.o(i.HAL_TIM_PeriodElapsedCallback)
    HAL_TIM_TriggerCallback                  0x08002829   Thumb Code     2  stm32f1xx_hal_tim.o(i.HAL_TIM_TriggerCallback)
    HAL_UART_Init                            0x0800282b   Thumb Code    98  stm32f1xx_hal_uart.o(i.HAL_UART_Init)
    HAL_UART_MspInit                         0x0800288d   Thumb Code   100  usart.o(i.HAL_UART_MspInit)
    HAL_UART_Transmit                        0x080028fd   Thumb Code   178  stm32f1xx_hal_uart.o(i.HAL_UART_Transmit)
    HardFault_Handler                        0x080029af   Thumb Code     2  stm32f1xx_it.o(i.HardFault_Handler)
    JTAG_Set                                 0x080029b1   Thumb Code    30  main.o(i.JTAG_Set)
    Key                                      0x080029d9   Thumb Code   112  control.o(i.Key)
    Led_Flash                                0x08002a61   Thumb Code    40  led.o(i.Led_Flash)
    Long_Press                               0x08002a91   Thumb Code    52  key.o(i.Long_Press)
    MX_ADC1_Init                             0x08002acd   Thumb Code    70  adc.o(i.MX_ADC1_Init)
    MX_GPIO_Init                             0x08002b1d   Thumb Code   256  gpio.o(i.MX_GPIO_Init)
    MX_TIM1_Init                             0x08002c2d   Thumb Code   106  tim.o(i.MX_TIM1_Init)
    MX_TIM3_Init                             0x08002ca1   Thumb Code   150  tim.o(i.MX_TIM3_Init)
    MX_TIM4_Init                             0x08002d41   Thumb Code   116  tim.o(i.MX_TIM4_Init)
    MX_USART1_UART_Init                      0x08002dbd   Thumb Code    48  usart.o(i.MX_USART1_UART_Init)
    MemManage_Handler                        0x08002df5   Thumb Code     2  stm32f1xx_it.o(i.MemManage_Handler)
    NMI_Handler                              0x08002df7   Thumb Code     2  stm32f1xx_it.o(i.NMI_Handler)
    OLED_Clear                               0x08002df9   Thumb Code    40  oled.o(i.OLED_Clear)
    OLED_DrawPoint                           0x08002e25   Thumb Code    54  oled.o(i.OLED_DrawPoint)
    OLED_Init                                0x08002e61   Thumb Code   232  oled.o(i.OLED_Init)
    OLED_Refresh_Gram                        0x08002f4d   Thumb Code    70  oled.o(i.OLED_Refresh_Gram)
    OLED_ShowChar                            0x08002f99   Thumb Code   134  oled.o(i.OLED_ShowChar)
    OLED_ShowChinese                         0x08003029   Thumb Code   102  oled.o(i.OLED_ShowChinese)
    OLED_ShowChinese_12                      0x08003095   Thumb Code   106  oled.o(i.OLED_ShowChinese_12)
    OLED_ShowNumber                          0x08003105   Thumb Code   120  oled.o(i.OLED_ShowNumber)
    OLED_ShowString                          0x0800317d   Thumb Code    62  oled.o(i.OLED_ShowString)
    OLED_WR_Byte                             0x080031bd   Thumb Code    64  oled.o(i.OLED_WR_Byte)
    PendSV_Handler                           0x08003205   Thumb Code     2  stm32f1xx_it.o(i.PendSV_Handler)
    Position                                 0x08003209   Thumb Code   126  control.o(i.Position)
    Position_PID                             0x080032a5   Thumb Code    66  control.o(i.Position_PID)
    Read_Encoder                             0x080032f5   Thumb Code    36  tim.o(i.Read_Encoder)
    SVC_Handler                              0x08003321   Thumb Code     2  stm32f1xx_it.o(i.SVC_Handler)
    Set_Pwm                                  0x08003325   Thumb Code    40  control.o(i.Set_Pwm)
    SysTick_Handler                          0x08003355   Thumb Code     4  stm32f1xx_it.o(i.SysTick_Handler)
    SystemClock_Config                       0x08003359   Thumb Code   120  main.o(i.SystemClock_Config)
    SystemInit                               0x080033d1   Thumb Code     2  system_stm32f1xx.o(i.SystemInit)
    TIM1_UP_IRQHandler                       0x080033d5   Thumb Code     6  stm32f1xx_it.o(i.TIM1_UP_IRQHandler)
    TIM_Base_SetConfig                       0x080033e1   Thumb Code    94  stm32f1xx_hal_tim.o(i.TIM_Base_SetConfig)
    TIM_CCxChannelCmd                        0x0800344d   Thumb Code    26  stm32f1xx_hal_tim.o(i.TIM_CCxChannelCmd)
    TIM_ETR_SetConfig                        0x08003467   Thumb Code    20  stm32f1xx_hal_tim.o(i.TIM_ETR_SetConfig)
    TIM_OC2_SetConfig                        0x080034dd   Thumb Code    84  stm32f1xx_hal_tim.o(i.TIM_OC2_SetConfig)
    Tips                                     0x08003619   Thumb Code   524  check.o(i.Tips)
    Turn_Off                                 0x08003845   Thumb Code    54  control.o(i.Turn_Off)
    UsageFault_Handler                       0x080039ad   Thumb Code     2  stm32f1xx_it.o(i.UsageFault_Handler)
    Xianfu_Pwm                               0x080039b1   Thumb Code    26  control.o(i.Xianfu_Pwm)
    __0sprintf                               0x080039d1   Thumb Code    34  printfa.o(i.__0sprintf)
    __1sprintf                               0x080039d1   Thumb Code     0  printfa.o(i.__0sprintf)
    __2sprintf                               0x080039d1   Thumb Code     0  printfa.o(i.__0sprintf)
    __c89sprintf                             0x080039d1   Thumb Code     0  printfa.o(i.__0sprintf)
    sprintf                                  0x080039d1   Thumb Code     0  printfa.o(i.__0sprintf)
    __scatterload_copy                       0x08003a19   Thumb Code    14  handlers.o(i.__scatterload_copy)
    __scatterload_null                       0x08003a27   Thumb Code     2  handlers.o(i.__scatterload_null)
    __scatterload_zeroinit                   0x08003a29   Thumb Code    14  handlers.o(i.__scatterload_zeroinit)
    check_display                            0x080042cd   Thumb Code   354  show.o(i.check_display)
    click                                    0x08004435   Thumb Code    78  key.o(i.click)
    click_N_Double                           0x0800448d   Thumb Code   132  key.o(i.click_N_Double)
    fail_display                             0x08004519   Thumb Code   130  show.o(i.fail_display)
    main                                     0x0800459d   Thumb Code   122  main.o(i.main)
    myabs                                    0x08004629   Thumb Code     8  control.o(i.myabs)
    oled_pow                                 0x08004631   Thumb Code    16  oled.o(i.oled_pow)
    oled_show                                0x08004641   Thumb Code   820  show.o(i.oled_show)
    show_Tips                                0x080049f5   Thumb Code   382  show.o(i.show_Tips)
    step_0                                   0x08004b73   Thumb Code   454  show.o(i.step_0)
    step_1                                   0x08004d39   Thumb Code   394  show.o(i.step_1)
    step_2                                   0x08004ec3   Thumb Code   400  show.o(i.step_2)
    step_3                                   0x08005055   Thumb Code   366  show.o(i.step_3)
    success_display                          0x080051c9   Thumb Code   178  show.o(i.success_display)
    oled_asc2_1206                           0x0800527c   Data        1140  oled.o(.constdata)
    oled_asc2_1608                           0x080056f0   Data        1520  oled.o(.constdata)
    asc2_Chinese                             0x08005ce0   Data       22144  oled.o(.constdata)
    asc2_Chinese_12                          0x0800b360   Data       16240  oled.o(.constdata)
    AHBPrescTable                            0x0800f2d0   Data          16  system_stm32f1xx.o(.constdata)
    APBPrescTable                            0x0800f2e0   Data           8  system_stm32f1xx.o(.constdata)
    Region$$Table$$Base                      0x0800f2e8   Number         0  anon$$obj.o(Region$$Table)
    Region$$Table$$Limit                     0x0800f308   Number         0  anon$$obj.o(Region$$Table)
    Flag_Stop                                0x20000000   Data           1  main.o(.data)
    system_start                             0x20000001   Data           1  main.o(.data)
    tips_flag                                0x20000002   Data           1  main.o(.data)
    Position_Zero                            0x20000004   Data           4  main.o(.data)
    Balance_KP                               0x20000008   Data           4  main.o(.data)
    Balance_KD                               0x2000000c   Data           4  main.o(.data)
    Position_KP                              0x20000010   Data           4  main.o(.data)
    Position_KD                              0x20000014   Data           4  main.o(.data)
    Position_KP_1                            0x20000018   Data           4  main.o(.data)
    Position_KD_1                            0x2000001c   Data           4  main.o(.data)
    Menu                                     0x20000020   Data           4  main.o(.data)
    Amplitude1                               0x20000024   Data           4  main.o(.data)
    Amplitude2                               0x20000028   Data           4  main.o(.data)
    Amplitude3                               0x2000002c   Data           4  main.o(.data)
    Amplitude4                               0x20000030   Data           4  main.o(.data)
    delay_50                                 0x20000034   Data           1  main.o(.data)
    delay_flag                               0x20000038   Data           1  main.o(.data)
    Angle_Balance                            0x2000003c   Data           4  main.o(.data)
    Encoder                                  0x20000040   Data           4  main.o(.data)
    Moto                                     0x20000044   Data           4  main.o(.data)
    Voltage                                  0x20000048   Data           4  main.o(.data)
    step1_flag                               0x20000060   Data           1  control.o(.data)
    hand_start                               0x20000061   Data           1  control.o(.data)
    auto_start                               0x20000062   Data           1  control.o(.data)
    fail_count                               0x20000063   Data           1  control.o(.data)
    hand_flag                                0x20000064   Data           1  control.o(.data)
    Position_Target                          0x20000065   Data           1  control.o(.data)
    step1_target                             0x20000066   Data           2  control.o(.data)
    success_count                            0x20000068   Data           2  control.o(.data)
    Last_Encoder                             0x20000070   Data           4  control.o(.data)
    Balance_Pwm                              0x200000a4   Data           4  control.o(.data)
    Position_Pwm                             0x200000a8   Data           4  control.o(.data)
    abnormal_motor                           0x200000ac   Data           4  control.o(.data)
    Last_Bias                                0x200000b0   Data           4  control.o(.data)
    Last_Position                            0x200000b4   Data           4  control.o(.data)
    i                                        0x200000b8   Data           1  show.o(.data)
    Send_Count                               0x200000b9   Data           1  show.o(.data)
    uwTickFreq                               0x200000bc   Data           1  stm32f1xx_hal.o(.data)
    uwTickPrio                               0x200000c0   Data           4  stm32f1xx_hal.o(.data)
    uwTick                                   0x200000c4   Data           4  stm32f1xx_hal.o(.data)
    SystemCoreClock                          0x200000c8   Data           4  system_stm32f1xx.o(.data)
    DataAngle_Balance                        0x200000cc   Data          10  main.o(.bss)
    hadc1                                    0x200000d8   Data          48  adc.o(.bss)
    htim1                                    0x20000108   Data          72  tim.o(.bss)
    htim3                                    0x20000150   Data          72  tim.o(.bss)
    htim4                                    0x20000198   Data          72  tim.o(.bss)
    huart1                                   0x200001e0   Data          68  usart.o(.bss)
    OLED_GRAM                                0x20000224   Data        1024  oled.o(.bss)
    DataScope_OutPut_Buffer                  0x20000624   Data          42  datascope_dp.o(.bss)
    __initial_sp                             0x20000a50   Data           0  startup_stm32f103xb.o(STACK)



==============================================================================

Memory Map of the image

  Image Entry point : 0x080000ed

  Load Region LR_IROM1 (Base: 0x08000000, Size: 0x0000f3d4, Max: 0x00010000, ABSOLUTE)

    Execution Region ER_IROM1 (Exec base: 0x08000000, Load base: 0x08000000, Size: 0x0000f308, Max: 0x00010000, ABSOLUTE)

    Exec Addr    Load Addr    Size         Type   Attr      Idx    E Section Name        Object

    0x08000000   0x08000000   0x000000ec   Data   RO            3    RESET               startup_stm32f103xb.o
    0x080000ec   0x080000ec   0x00000000   Code   RO         3602  * .ARM.Collect$$$$00000000  mc_w.l(entry.o)
    0x080000ec   0x080000ec   0x00000004   Code   RO         3898    .ARM.Collect$$$$00000001  mc_w.l(entry2.o)
    0x080000f0   0x080000f0   0x00000004   Code   RO         3901    .ARM.Collect$$$$00000004  mc_w.l(entry5.o)
    0x080000f4   0x080000f4   0x00000000   Code   RO         3903    .ARM.Collect$$$$00000008  mc_w.l(entry7b.o)
    0x080000f4   0x080000f4   0x00000000   Code   RO         3905    .ARM.Collect$$$$0000000A  mc_w.l(entry8b.o)
    0x080000f4   0x080000f4   0x00000008   Code   RO         3906    .ARM.Collect$$$$0000000B  mc_w.l(entry9a.o)
    0x080000fc   0x080000fc   0x00000004   Code   RO         3913    .ARM.Collect$$$$0000000E  mc_w.l(entry12b.o)
    0x08000100   0x08000100   0x00000000   Code   RO         3908    .ARM.Collect$$$$0000000F  mc_w.l(entry10a.o)
    0x08000100   0x08000100   0x00000000   Code   RO         3910    .ARM.Collect$$$$00000011  mc_w.l(entry11a.o)
    0x08000100   0x08000100   0x00000004   Code   RO         3899    .ARM.Collect$$$$00002712  mc_w.l(entry2.o)
    0x08000104   0x08000104   0x00000024   Code   RO            4    .text               startup_stm32f103xb.o
    0x08000128   0x08000128   0x00000020   Code   RO         3605    .text               mc_w.l(llushr.o)
    0x08000148   0x08000148   0x00000024   Code   RO         3607    .text               mc_w.l(memseta.o)
    0x0800016c   0x0800016c   0x0000000e   Code   RO         3609    .text               mc_w.l(strlen.o)
    0x0800017a   0x0800017a   0x000000b0   Code   RO         3872    .text               mf_w.l(fadd.o)
    0x0800022a   0x0800022a   0x00000064   Code   RO         3874    .text               mf_w.l(fmul.o)
    0x0800028e   0x0800028e   0x0000014e   Code   RO         3876    .text               mf_w.l(dadd.o)
    0x080003dc   0x080003dc   0x000000e4   Code   RO         3878    .text               mf_w.l(dmul.o)
    0x080004c0   0x080004c0   0x0000002e   Code   RO         3880    .text               mf_w.l(dscalb.o)
    0x080004ee   0x080004ee   0x00000012   Code   RO         3882    .text               mf_w.l(fflti.o)
    0x08000500   0x08000500   0x0000000a   Code   RO         3884    .text               mf_w.l(ffltui.o)
    0x0800050a   0x0800050a   0x0000001a   Code   RO         3886    .text               mf_w.l(dfltui.o)
    0x08000524   0x08000524   0x00000032   Code   RO         3888    .text               mf_w.l(ffixi.o)
    0x08000556   0x08000556   0x00000028   Code   RO         3890    .text               mf_w.l(ffixui.o)
    0x0800057e   0x0800057e   0x0000003e   Code   RO         3892    .text               mf_w.l(dfixi.o)
    0x080005bc   0x080005bc   0x00000026   Code   RO         3894    .text               mf_w.l(f2d.o)
    0x080005e2   0x080005e2   0x00000038   Code   RO         3896    .text               mf_w.l(d2f.o)
    0x0800061a   0x0800061a   0x0000002c   Code   RO         3917    .text               mc_w.l(uidiv.o)
    0x08000646   0x08000646   0x00000062   Code   RO         3919    .text               mc_w.l(uldiv.o)
    0x080006a8   0x080006a8   0x0000001e   Code   RO         3921    .text               mc_w.l(llshl.o)
    0x080006c6   0x080006c6   0x00000024   Code   RO         3923    .text               mc_w.l(llsshr.o)
    0x080006ea   0x080006ea   0x00000000   Code   RO         3925    .text               mc_w.l(iusefp.o)
    0x080006ea   0x080006ea   0x0000006e   Code   RO         3926    .text               mf_w.l(fepilogue.o)
    0x08000758   0x08000758   0x000000ba   Code   RO         3928    .text               mf_w.l(depilogue.o)
    0x08000812   0x08000812   0x000000de   Code   RO         3930    .text               mf_w.l(ddiv.o)
    0x080008f0   0x080008f0   0x00000030   Code   RO         3932    .text               mf_w.l(dfixul.o)
    0x08000920   0x08000920   0x00000030   Code   RO         3934    .text               mf_w.l(cdrcmple.o)
    0x08000950   0x08000950   0x00000024   Code   RO         3936    .text               mc_w.l(init.o)
    0x08000974   0x08000974   0x00000056   Code   RO          986    i.ADC_ConversionStop_Disable  stm32f1xx_hal_adc.o
    0x080009ca   0x080009ca   0x00000002   PAD
    0x080009cc   0x080009cc   0x0000007c   Code   RO          990    i.ADC_Enable        stm32f1xx_hal_adc.o
    0x08000a48   0x08000a48   0x000001ec   Code   RO          721    i.Auto_run          control.o
    0x08000c34   0x08000c34   0x00000048   Code   RO          722    i.Balance           control.o
    0x08000c7c   0x08000c7c   0x00000002   Code   RO          428    i.BusFault_Handler  stm32f1xx_it.o
    0x08000c7e   0x08000c7e   0x00000002   PAD
    0x08000c80   0x08000c80   0x0000006c   Code   RO          805    i.DataScope         show.o
    0x08000cec   0x08000cec   0x00000080   Code   RO          888    i.DataScope_Data_Generate  datascope_dp.o
    0x08000d6c   0x08000d6c   0x00000054   Code   RO          889    i.DataScope_Get_Channel_Data  datascope_dp.o
    0x08000dc0   0x08000dc0   0x00000002   Code   RO          429    i.DebugMon_Handler  stm32f1xx_it.o
    0x08000dc2   0x08000dc2   0x00000016   Code   RO          430    i.EXTI15_10_IRQHandler  stm32f1xx_it.o
    0x08000dd8   0x08000dd8   0x00000012   Code   RO          431    i.EXTI9_5_IRQHandler  stm32f1xx_it.o
    0x08000dea   0x08000dea   0x00000004   Code   RO           13    i.Error_Handler     main.o
    0x08000dee   0x08000dee   0x00000014   Code   RO          890    i.Float2Byte        datascope_dp.o
    0x08000e02   0x08000e02   0x00000002   PAD
    0x08000e04   0x08000e04   0x00000040   Code   RO          248    i.Get_Adc           adc.o
    0x08000e44   0x08000e44   0x00000028   Code   RO          249    i.Get_Adc_Average   adc.o
    0x08000e6c   0x08000e6c   0x00000044   Code   RO          250    i.Get_battery_volt  adc.o
    0x08000eb0   0x08000eb0   0x000000d8   Code   RO         1166    i.HAL_ADCEx_Calibration_Start  stm32f1xx_hal_adc_ex.o
    0x08000f88   0x08000f88   0x000000fc   Code   RO          992    i.HAL_ADC_ConfigChannel  stm32f1xx_hal_adc.o
    0x08001084   0x08001084   0x00000006   Code   RO          999    i.HAL_ADC_GetValue  stm32f1xx_hal_adc.o
    0x0800108a   0x0800108a   0x00000002   PAD
    0x0800108c   0x0800108c   0x0000011c   Code   RO         1001    i.HAL_ADC_Init      stm32f1xx_hal_adc.o
    0x080011a8   0x080011a8   0x00000064   Code   RO          252    i.HAL_ADC_MspInit   adc.o
    0x0800120c   0x0800120c   0x0000013c   Code   RO         1005    i.HAL_ADC_PollForConversion  stm32f1xx_hal_adc.o
    0x08001348   0x08001348   0x000000c0   Code   RO         1007    i.HAL_ADC_Start     stm32f1xx_hal_adc.o
    0x08001408   0x08001408   0x00000024   Code   RO         1269    i.HAL_Delay         stm32f1xx_hal.o
    0x0800142c   0x0800142c   0x00000168   Code   RO          210    i.HAL_GPIO_EXTI_Callback  gpio.o
    0x08001594   0x08001594   0x00000018   Code   RO         1576    i.HAL_GPIO_EXTI_IRQHandler  stm32f1xx_hal_gpio.o
    0x080015ac   0x080015ac   0x000001e0   Code   RO         1577    i.HAL_GPIO_Init     stm32f1xx_hal_gpio.o
    0x0800178c   0x0800178c   0x0000000a   Code   RO         1581    i.HAL_GPIO_WritePin  stm32f1xx_hal_gpio.o
    0x08001796   0x08001796   0x00000002   PAD
    0x08001798   0x08001798   0x0000000c   Code   RO         1273    i.HAL_GetTick       stm32f1xx_hal.o
    0x080017a4   0x080017a4   0x00000010   Code   RO         1279    i.HAL_IncTick       stm32f1xx_hal.o
    0x080017b4   0x080017b4   0x00000024   Code   RO         1280    i.HAL_Init          stm32f1xx_hal.o
    0x080017d8   0x080017d8   0x00000040   Code   RO         1281    i.HAL_InitTick      stm32f1xx_hal.o
    0x08001818   0x08001818   0x00000044   Code   RO          521    i.HAL_MspInit       stm32f1xx_hal_msp.o
    0x0800185c   0x0800185c   0x0000001a   Code   RO         1737    i.HAL_NVIC_EnableIRQ  stm32f1xx_hal_cortex.o
    0x08001876   0x08001876   0x00000002   PAD
    0x08001878   0x08001878   0x00000040   Code   RO         1743    i.HAL_NVIC_SetPriority  stm32f1xx_hal_cortex.o
    0x080018b8   0x080018b8   0x00000024   Code   RO         1744    i.HAL_NVIC_SetPriorityGrouping  stm32f1xx_hal_cortex.o
    0x080018dc   0x080018dc   0x000000c8   Code   RO         1539    i.HAL_RCCEx_GetPeriphCLKFreq  stm32f1xx_hal_rcc_ex.o
    0x080019a4   0x080019a4   0x000000ec   Code   RO         1540    i.HAL_RCCEx_PeriphCLKConfig  stm32f1xx_hal_rcc_ex.o
    0x08001a90   0x08001a90   0x0000012c   Code   RO         1437    i.HAL_RCC_ClockConfig  stm32f1xx_hal_rcc.o
    0x08001bbc   0x08001bbc   0x00000020   Code   RO         1444    i.HAL_RCC_GetPCLK1Freq  stm32f1xx_hal_rcc.o
    0x08001bdc   0x08001bdc   0x00000020   Code   RO         1445    i.HAL_RCC_GetPCLK2Freq  stm32f1xx_hal_rcc.o
    0x08001bfc   0x08001bfc   0x0000006c   Code   RO         1446    i.HAL_RCC_GetSysClockFreq  stm32f1xx_hal_rcc.o
    0x08001c68   0x08001c68   0x00000320   Code   RO         1449    i.HAL_RCC_OscConfig  stm32f1xx_hal_rcc.o
    0x08001f88   0x08001f88   0x00000028   Code   RO         1748    i.HAL_SYSTICK_Config  stm32f1xx_hal_cortex.o
    0x08001fb0   0x08001fb0   0x00000002   Code   RO         2943    i.HAL_TIMEx_BreakCallback  stm32f1xx_hal_tim_ex.o
    0x08001fb2   0x08001fb2   0x00000002   Code   RO         2944    i.HAL_TIMEx_CommutCallback  stm32f1xx_hal_tim_ex.o
    0x08001fb4   0x08001fb4   0x00000068   Code   RO         2962    i.HAL_TIMEx_MasterConfigSynchronization  stm32f1xx_hal_tim_ex.o
    0x0800201c   0x0800201c   0x0000005a   Code   RO         2239    i.HAL_TIM_Base_Init  stm32f1xx_hal_tim.o
    0x08002076   0x08002076   0x00000002   PAD
    0x08002078   0x08002078   0x00000054   Code   RO          309    i.HAL_TIM_Base_MspInit  tim.o
    0x080020cc   0x080020cc   0x00000058   Code   RO         2244    i.HAL_TIM_Base_Start_IT  stm32f1xx_hal_tim.o
    0x08002124   0x08002124   0x000000d6   Code   RO         2248    i.HAL_TIM_ConfigClockSource  stm32f1xx_hal_tim.o
    0x080021fa   0x080021fa   0x000000a4   Code   RO         2260    i.HAL_TIM_Encoder_Init  stm32f1xx_hal_tim.o
    0x0800229e   0x0800229e   0x00000002   PAD
    0x080022a0   0x080022a0   0x00000054   Code   RO          311    i.HAL_TIM_Encoder_MspInit  tim.o
    0x080022f4   0x080022f4   0x0000008e   Code   RO         2263    i.HAL_TIM_Encoder_Start  stm32f1xx_hal_tim.o
    0x08002382   0x08002382   0x00000002   Code   RO         2273    i.HAL_TIM_IC_CaptureCallback  stm32f1xx_hal_tim.o
    0x08002384   0x08002384   0x00000166   Code   RO         2287    i.HAL_TIM_IRQHandler  stm32f1xx_hal_tim.o
    0x080024ea   0x080024ea   0x00000002   PAD
    0x080024ec   0x080024ec   0x0000004c   Code   RO          312    i.HAL_TIM_MspPostInit  tim.o
    0x08002538   0x08002538   0x00000002   Code   RO         2290    i.HAL_TIM_OC_DelayElapsedCallback  stm32f1xx_hal_tim.o
    0x0800253a   0x0800253a   0x000000c6   Code   RO         2311    i.HAL_TIM_PWM_ConfigChannel  stm32f1xx_hal_tim.o
    0x08002600   0x08002600   0x0000005a   Code   RO         2314    i.HAL_TIM_PWM_Init  stm32f1xx_hal_tim.o
    0x0800265a   0x0800265a   0x00000002   Code   RO         2316    i.HAL_TIM_PWM_MspInit  stm32f1xx_hal_tim.o
    0x0800265c   0x0800265c   0x00000002   Code   RO         2317    i.HAL_TIM_PWM_PulseFinishedCallback  stm32f1xx_hal_tim.o
    0x0800265e   0x0800265e   0x00000002   PAD
    0x08002660   0x08002660   0x0000009c   Code   RO         2319    i.HAL_TIM_PWM_Start  stm32f1xx_hal_tim.o
    0x080026fc   0x080026fc   0x0000012c   Code   RO          723    i.HAL_TIM_PeriodElapsedCallback  control.o
    0x08002828   0x08002828   0x00000002   Code   RO         2330    i.HAL_TIM_TriggerCallback  stm32f1xx_hal_tim.o
    0x0800282a   0x0800282a   0x00000062   Code   RO         3239    i.HAL_UART_Init     stm32f1xx_hal_uart.o
    0x0800288c   0x0800288c   0x00000070   Code   RO          387    i.HAL_UART_MspInit  usart.o
    0x080028fc   0x080028fc   0x000000b2   Code   RO         3247    i.HAL_UART_Transmit  stm32f1xx_hal_uart.o
    0x080029ae   0x080029ae   0x00000002   Code   RO          432    i.HardFault_Handler  stm32f1xx_it.o
    0x080029b0   0x080029b0   0x00000028   Code   RO           14    i.JTAG_Set          main.o
    0x080029d8   0x080029d8   0x00000088   Code   RO          724    i.Key               control.o
    0x08002a60   0x08002a60   0x00000030   Code   RO          545    i.Led_Flash         led.o
    0x08002a90   0x08002a90   0x0000003c   Code   RO          570    i.Long_Press        key.o
    0x08002acc   0x08002acc   0x00000050   Code   RO          253    i.MX_ADC1_Init      adc.o
    0x08002b1c   0x08002b1c   0x00000110   Code   RO          211    i.MX_GPIO_Init      gpio.o
    0x08002c2c   0x08002c2c   0x00000074   Code   RO          313    i.MX_TIM1_Init      tim.o
    0x08002ca0   0x08002ca0   0x000000a0   Code   RO          314    i.MX_TIM3_Init      tim.o
    0x08002d40   0x08002d40   0x0000007c   Code   RO          315    i.MX_TIM4_Init      tim.o
    0x08002dbc   0x08002dbc   0x00000038   Code   RO          388    i.MX_USART1_UART_Init  usart.o
    0x08002df4   0x08002df4   0x00000002   Code   RO          433    i.MemManage_Handler  stm32f1xx_it.o
    0x08002df6   0x08002df6   0x00000002   Code   RO          434    i.NMI_Handler       stm32f1xx_it.o
    0x08002df8   0x08002df8   0x0000002c   Code   RO          613    i.OLED_Clear        oled.o
    0x08002e24   0x08002e24   0x0000003c   Code   RO          616    i.OLED_DrawPoint    oled.o
    0x08002e60   0x08002e60   0x000000ec   Code   RO          617    i.OLED_Init         oled.o
    0x08002f4c   0x08002f4c   0x0000004c   Code   RO          618    i.OLED_Refresh_Gram  oled.o
    0x08002f98   0x08002f98   0x00000090   Code   RO          619    i.OLED_ShowChar     oled.o
    0x08003028   0x08003028   0x0000006c   Code   RO          620    i.OLED_ShowChinese  oled.o
    0x08003094   0x08003094   0x00000070   Code   RO          621    i.OLED_ShowChinese_12  oled.o
    0x08003104   0x08003104   0x00000078   Code   RO          622    i.OLED_ShowNumber   oled.o
    0x0800317c   0x0800317c   0x0000003e   Code   RO          623    i.OLED_ShowString   oled.o
    0x080031ba   0x080031ba   0x00000002   PAD
    0x080031bc   0x080031bc   0x00000048   Code   RO          624    i.OLED_WR_Byte      oled.o
    0x08003204   0x08003204   0x00000002   Code   RO          435    i.PendSV_Handler    stm32f1xx_it.o
    0x08003206   0x08003206   0x00000002   PAD
    0x08003208   0x08003208   0x0000009c   Code   RO          725    i.Position          control.o
    0x080032a4   0x080032a4   0x00000050   Code   RO          726    i.Position_PID      control.o
    0x080032f4   0x080032f4   0x0000002c   Code   RO          316    i.Read_Encoder      tim.o
    0x08003320   0x08003320   0x00000002   Code   RO          436    i.SVC_Handler       stm32f1xx_it.o
    0x08003322   0x08003322   0x00000002   PAD
    0x08003324   0x08003324   0x00000030   Code   RO          727    i.Set_Pwm           control.o
    0x08003354   0x08003354   0x00000004   Code   RO          437    i.SysTick_Handler   stm32f1xx_it.o
    0x08003358   0x08003358   0x00000078   Code   RO           15    i.SystemClock_Config  main.o
    0x080033d0   0x080033d0   0x00000002   Code   RO         3568    i.SystemInit        system_stm32f1xx.o
    0x080033d2   0x080033d2   0x00000002   PAD
    0x080033d4   0x080033d4   0x0000000c   Code   RO          438    i.TIM1_UP_IRQHandler  stm32f1xx_it.o
    0x080033e0   0x080033e0   0x0000006c   Code   RO         2332    i.TIM_Base_SetConfig  stm32f1xx_hal_tim.o
    0x0800344c   0x0800344c   0x0000001a   Code   RO         2333    i.TIM_CCxChannelCmd  stm32f1xx_hal_tim.o
    0x08003466   0x08003466   0x00000014   Code   RO         2343    i.TIM_ETR_SetConfig  stm32f1xx_hal_tim.o
    0x0800347a   0x0800347a   0x00000010   Code   RO         2344    i.TIM_ITRx_SetConfig  stm32f1xx_hal_tim.o
    0x0800348a   0x0800348a   0x00000002   PAD
    0x0800348c   0x0800348c   0x00000050   Code   RO         2345    i.TIM_OC1_SetConfig  stm32f1xx_hal_tim.o
    0x080034dc   0x080034dc   0x00000058   Code   RO         2346    i.TIM_OC2_SetConfig  stm32f1xx_hal_tim.o
    0x08003534   0x08003534   0x00000058   Code   RO         2347    i.TIM_OC3_SetConfig  stm32f1xx_hal_tim.o
    0x0800358c   0x0800358c   0x00000044   Code   RO         2348    i.TIM_OC4_SetConfig  stm32f1xx_hal_tim.o
    0x080035d0   0x080035d0   0x00000022   Code   RO         2350    i.TIM_TI1_ConfigInputStage  stm32f1xx_hal_tim.o
    0x080035f2   0x080035f2   0x00000024   Code   RO         2352    i.TIM_TI2_ConfigInputStage  stm32f1xx_hal_tim.o
    0x08003616   0x08003616   0x00000002   PAD
    0x08003618   0x08003618   0x0000022c   Code   RO          921    i.Tips              check.o
    0x08003844   0x08003844   0x0000004c   Code   RO          728    i.Turn_Off          control.o
    0x08003890   0x08003890   0x000000b8   Code   RO         3265    i.UART_SetConfig    stm32f1xx_hal_uart.o
    0x08003948   0x08003948   0x00000064   Code   RO         3268    i.UART_WaitOnFlagUntilTimeout  stm32f1xx_hal_uart.o
    0x080039ac   0x080039ac   0x00000002   Code   RO          439    i.UsageFault_Handler  stm32f1xx_it.o
    0x080039ae   0x080039ae   0x00000002   PAD
    0x080039b0   0x080039b0   0x00000020   Code   RO          729    i.Xianfu_Pwm        control.o
    0x080039d0   0x080039d0   0x00000028   Code   RO         3846    i.__0sprintf        mc_w.l(printfa.o)
    0x080039f8   0x080039f8   0x00000020   Code   RO         1750    i.__NVIC_SetPriority  stm32f1xx_hal_cortex.o
    0x08003a18   0x08003a18   0x0000000e   Code   RO         3942    i.__scatterload_copy  mc_w.l(handlers.o)
    0x08003a26   0x08003a26   0x00000002   Code   RO         3943    i.__scatterload_null  mc_w.l(handlers.o)
    0x08003a28   0x08003a28   0x0000000e   Code   RO         3944    i.__scatterload_zeroinit  mc_w.l(handlers.o)
    0x08003a36   0x08003a36   0x00000002   PAD
    0x08003a38   0x08003a38   0x00000184   Code   RO         3851    i._fp_digits        mc_w.l(printfa.o)
    0x08003bbc   0x08003bbc   0x000006b4   Code   RO         3852    i._printf_core      mc_w.l(printfa.o)
    0x08004270   0x08004270   0x00000024   Code   RO         3853    i._printf_post_padding  mc_w.l(printfa.o)
    0x08004294   0x08004294   0x0000002e   Code   RO         3854    i._printf_pre_padding  mc_w.l(printfa.o)
    0x080042c2   0x080042c2   0x0000000a   Code   RO         3856    i._sputc            mc_w.l(printfa.o)
    0x080042cc   0x080042cc   0x00000168   Code   RO          806    i.check_display     show.o
    0x08004434   0x08004434   0x00000058   Code   RO          572    i.click             key.o
    0x0800448c   0x0800448c   0x0000008c   Code   RO          573    i.click_N_Double    key.o
    0x08004518   0x08004518   0x00000082   Code   RO          807    i.fail_display      show.o
    0x0800459a   0x0800459a   0x00000002   PAD
    0x0800459c   0x0800459c   0x0000008c   Code   RO           16    i.main              main.o
    0x08004628   0x08004628   0x00000008   Code   RO          730    i.myabs             control.o
    0x08004630   0x08004630   0x00000010   Code   RO          625    i.oled_pow          oled.o
    0x08004640   0x08004640   0x000003b4   Code   RO          808    i.oled_show         show.o
    0x080049f4   0x080049f4   0x0000017e   Code   RO          809    i.show_Tips         show.o
    0x08004b72   0x08004b72   0x000001c6   Code   RO          810    i.step_0            show.o
    0x08004d38   0x08004d38   0x0000018a   Code   RO          811    i.step_1            show.o
    0x08004ec2   0x08004ec2   0x00000190   Code   RO          812    i.step_2            show.o
    0x08005052   0x08005052   0x00000002   PAD
    0x08005054   0x08005054   0x00000174   Code   RO          813    i.step_3            show.o
    0x080051c8   0x080051c8   0x000000b2   Code   RO          814    i.success_display   show.o
    0x0800527a   0x0800527a   0x00000002   PAD
    0x0800527c   0x0800527c   0x0000a054   Data   RO          627    .constdata          oled.o
    0x0800f2d0   0x0800f2d0   0x00000010   Data   RO         3569    .constdata          system_stm32f1xx.o
    0x0800f2e0   0x0800f2e0   0x00000008   Data   RO         3570    .constdata          system_stm32f1xx.o
    0x0800f2e8   0x0800f2e8   0x00000020   Data   RO         3940    Region$$Table       anon$$obj.o


    Execution Region RW_IRAM1 (Exec base: 0x20000000, Load base: 0x0800f308, Size: 0x00000a50, Max: 0x00005000, ABSOLUTE)

    Exec Addr    Load Addr    Size         Type   Attr      Idx    E Section Name        Object

    0x20000000   0x0800f308   0x00000001   Data   RW           18    .data               main.o
    0x20000001   0x0800f309   0x00000001   Data   RW           19    .data               main.o
    0x20000002   0x0800f30a   0x00000001   Data   RW           20    .data               main.o
    0x20000003   0x0800f30b   0x00000001   PAD
    0x20000004   0x0800f30c   0x00000004   Data   RW           21    .data               main.o
    0x20000008   0x0800f310   0x00000004   Data   RW           22    .data               main.o
    0x2000000c   0x0800f314   0x00000004   Data   RW           23    .data               main.o
    0x20000010   0x0800f318   0x00000004   Data   RW           24    .data               main.o
    0x20000014   0x0800f31c   0x00000004   Data   RW           25    .data               main.o
    0x20000018   0x0800f320   0x00000004   Data   RW           26    .data               main.o
    0x2000001c   0x0800f324   0x00000004   Data   RW           27    .data               main.o
    0x20000020   0x0800f328   0x00000004   Data   RW           28    .data               main.o
    0x20000024   0x0800f32c   0x00000004   Data   RW           29    .data               main.o
    0x20000028   0x0800f330   0x00000004   Data   RW           30    .data               main.o
    0x2000002c   0x0800f334   0x00000004   Data   RW           31    .data               main.o
    0x20000030   0x0800f338   0x00000004   Data   RW           32    .data               main.o
    0x20000034   0x0800f33c   0x00000001   Data   RW           33    .data               main.o
    0x20000035   0x0800f33d   0x00000003   PAD
    0x20000038   0x0800f340   0x00000008   Data   RW           34    .data               main.o
    0x20000040   0x0800f348   0x00000004   Data   RW           35    .data               main.o
    0x20000044   0x0800f34c   0x00000004   Data   RW           36    .data               main.o
    0x20000048   0x0800f350   0x00000004   Data   RW           37    .data               main.o
    0x2000004c   0x0800f354   0x00000004   Data   RW          546    .data               led.o
    0x20000050   0x0800f358   0x00000010   Data   RW          574    .data               key.o
    0x20000060   0x0800f368   0x00000058   Data   RW          731    .data               control.o
    0x200000b8   0x0800f3c0   0x00000002   Data   RW          815    .data               show.o
    0x200000ba   0x0800f3c2   0x00000002   Data   RW          922    .data               check.o
    0x200000bc   0x0800f3c4   0x0000000c   Data   RW         1287    .data               stm32f1xx_hal.o
    0x200000c8   0x0800f3d0   0x00000004   Data   RW         3571    .data               system_stm32f1xx.o
    0x200000cc        -       0x0000000a   Zero   RW           17    .bss                main.o
    0x200000d6   0x0800f3d4   0x00000002   PAD
    0x200000d8        -       0x00000030   Zero   RW          254    .bss                adc.o
    0x20000108        -       0x000000d8   Zero   RW          317    .bss                tim.o
    0x200001e0        -       0x00000044   Zero   RW          389    .bss                usart.o
    0x20000224        -       0x00000400   Zero   RW          626    .bss                oled.o
    0x20000624        -       0x0000002a   Zero   RW          891    .bss                datascope_dp.o
    0x2000064e   0x0800f3d4   0x00000002   PAD
    0x20000650        -       0x00000400   Zero   RW            1    STACK               startup_stm32f103xb.o


==============================================================================

Image component sizes


      Code (inc. data)   RO Data    RW Data    ZI Data      Debug   Object Name

       352         48          0          0         48       3868   adc.o
       556         32          0          2          0       1003   check.o
      1400        254          0         88          0       8429   control.o
       232         34          0          0         42       3214   datascope_dp.o
       632         64          0          0          0       5733   gpio.o
       288         26          0         16          0       2852   key.o
        48          8          0          4          0        600   led.o
       304         28          0         72         10     454538   main.o
      1050         50      41044          0       1024       9930   oled.o
      3726        164          0          2          0       6953   show.o
        36          8        236          0       1024        880   startup_stm32f103xb.o
       164         28          0         12          0       6517   stm32f1xx_hal.o
      1260         54          0          0          0       7140   stm32f1xx_hal_adc.o
       216          6          0          0          0       1586   stm32f1xx_hal_adc_ex.o
       198         14          0          0          0      29419   stm32f1xx_hal_cortex.o
       514         40          0          0          0       3791   stm32f1xx_hal_gpio.o
        68         10          0          0          0       1026   stm32f1xx_hal_msp.o
      1272        100          0          0          0       5652   stm32f1xx_hal_rcc.o
       436         46          0          0          0       2765   stm32f1xx_hal_rcc_ex.o
      2074         58          0          0          0      19669   stm32f1xx_hal_tim.o
       108         12          0          0          0       2677   stm32f1xx_hal_tim_ex.o
       560          6          0          0          0       4328   stm32f1xx_hal_uart.o
        72          6          0          0          0       6195   stm32f1xx_it.o
         2          0         24          4          0       1347   system_stm32f1xx.o
       688         74          0          0        216       5559   tim.o
       168         20          0          0         68       1982   usart.o

    ----------------------------------------------------------------------
     16464       1190      41336        204       2436     597653   Object Totals
         0          0         32          0          0          0   (incl. Generated)
        40          0          0          4          4          0   (incl. Padding)

    ----------------------------------------------------------------------

      Code (inc. data)   RO Data    RW Data    ZI Data      Debug   Library Member Name

         0          0          0          0          0          0   entry.o
         0          0          0          0          0          0   entry10a.o
         0          0          0          0          0          0   entry11a.o
         4          0          0          0          0          0   entry12b.o
         8          4          0          0          0          0   entry2.o
         4          0          0          0          0          0   entry5.o
         0          0          0          0          0          0   entry7b.o
         0          0          0          0          0          0   entry8b.o
         8          4          0          0          0          0   entry9a.o
        30          0          0          0          0          0   handlers.o
        36          8          0          0          0         68   init.o
         0          0          0          0          0          0   iusefp.o
        30          0          0          0          0         68   llshl.o
        36          0          0          0          0         68   llsshr.o
        32          0          0          0          0         68   llushr.o
        36          0          0          0          0        108   memseta.o
      2236         86          0          0          0        532   printfa.o
        14          0          0          0          0         68   strlen.o
        44          0          0          0          0         80   uidiv.o
        98          0          0          0          0         92   uldiv.o
        48          0          0          0          0         68   cdrcmple.o
        56          0          0          0          0         88   d2f.o
       334          0          0          0          0        148   dadd.o
       222          0          0          0          0        100   ddiv.o
       186          0          0          0          0        176   depilogue.o
        62          0          0          0          0         80   dfixi.o
        48          0          0          0          0         68   dfixul.o
        26          0          0          0          0         76   dfltui.o
       228          0          0          0          0         96   dmul.o
        46          0          0          0          0         80   dscalb.o
        38          0          0          0          0         68   f2d.o
       176          0          0          0          0        140   fadd.o
       110          0          0          0          0        168   fepilogue.o
        50          0          0          0          0         68   ffixi.o
        40          0          0          0          0         68   ffixui.o
        18          0          0          0          0         68   fflti.o
        10          0          0          0          0         68   ffltui.o
       100          0          0          0          0         76   fmul.o

    ----------------------------------------------------------------------
      4416        102          0          0          0       2856   Library Totals
         2          0          0          0          0          0   (incl. Padding)

    ----------------------------------------------------------------------

      Code (inc. data)   RO Data    RW Data    ZI Data      Debug   Library Name

      2616        102          0          0          0       1152   mc_w.l
      1798          0          0          0          0       1704   mf_w.l

    ----------------------------------------------------------------------
      4416        102          0          0          0       2856   Library Totals

    ----------------------------------------------------------------------

==============================================================================


      Code (inc. data)   RO Data    RW Data    ZI Data      Debug   

     20880       1292      41336        204       2436     592393   Grand Totals
     20880       1292      41336        204       2436     592393   ELF Image Totals
     20880       1292      41336        204          0          0   ROM Totals

==============================================================================

    Total RO  Size (Code + RO Data)                62216 (  60.76kB)
    Total RW  Size (RW Data + ZI Data)              2640 (   2.58kB)
    Total ROM Size (Code + RO Data + RW Data)      62420 (  60.96kB)

==============================================================================

